Command: ./simv +vcs+lic+wait -l axi_log3.log
Chronologic VCS simulator copyright 1991-2018
Contains Synopsys proprietary information.
Compiler version O-2018.09-1_Full64; Runtime version O-2018.09-1_Full64;  Sep 19 15:57 2026
*Verdi* Loading libsscore_vcsmx201809.so
FSDB Dumper for VCS-MX, Release Verdi_O-2018.09-SP2, Linux x86_64/64bit, 02/21/2019
(C) 1996 - 2019 by Synopsys, Inc.
*Verdi* FSDB WARNING: The FSDB file already exists. Overwriting the FSDB file may crash the programs that are using this file.
*Verdi* : Create FSDB file 'wave.fsdb'
*Verdi* : Begin traversing the scope (tbench_top), layer (0).
*Verdi* : End of traversing.
[18610000.0 ps] M_DDR_AXI  WR  addr=40000000  data=40000000  strb=f  last=1  id=10
[602590000.0 ps] M_DDR_AXI  WR  addr=40000004  data=40000001  strb=f  last=1  id=10
[603550000.0 ps] M_DDR_AXI  WR  addr=40000008  data=40000002  strb=f  last=1  id=10
[604510000.0 ps] M_DDR_AXI  WR  addr=4000000c  data=40000003  strb=f  last=1  id=10
[605470000.0 ps] M_DDR_AXI  WR  addr=40000010  data=40000004  strb=f  last=1  id=10
[606430000.0 ps] M_DDR_AXI  WR  addr=40000014  data=40000005  strb=f  last=1  id=10
[607390000.0 ps] M_DDR_AXI  WR  addr=40000018  data=40000006  strb=f  last=1  id=10
[608350000.0 ps] M_DDR_AXI  WR  addr=4000001c  data=40000007  strb=f  last=1  id=10
[609310000.0 ps] M_DDR_AXI  WR  addr=40000020  data=40000008  strb=f  last=1  id=10
[610410000.0 ps] M_DDR_AXI  WR  addr=40000024  data=40000009  strb=f  last=1  id=10
[611370000.0 ps] M_DDR_AXI  WR  addr=40000028  data=4000000a  strb=f  last=1  id=10
[612330000.0 ps] M_DDR_AXI  WR  addr=4000002c  data=4000000b  strb=f  last=1  id=10
[613290000.0 ps] M_DDR_AXI  WR  addr=40000030  data=4000000c  strb=f  last=1  id=10
[614250000.0 ps] M_DDR_AXI  WR  addr=40000034  data=4000000d  strb=f  last=1  id=10
[615210000.0 ps] M_DDR_AXI  WR  addr=40000038  data=4000000e  strb=f  last=1  id=10
[616170000.0 ps] M_DDR_AXI  WR  addr=4000003c  data=4000000f  strb=f  last=1  id=10
[617130000.0 ps] M_DDR_AXI  WR  addr=40000040  data=40000010  strb=f  last=1  id=10
[618230000.0 ps] M_DDR_AXI  WR  addr=40000044  data=40000011  strb=f  last=1  id=10
[619190000.0 ps] M_DDR_AXI  WR  addr=40000048  data=40000012  strb=f  last=1  id=10
[620150000.0 ps] M_DDR_AXI  WR  addr=4000004c  data=40000013  strb=f  last=1  id=10
[621110000.0 ps] M_DDR_AXI  WR  addr=40000050  data=40000014  strb=f  last=1  id=10
[622070000.0 ps] M_DDR_AXI  WR  addr=40000054  data=40000015  strb=f  last=1  id=10
[623030000.0 ps] M_DDR_AXI  WR  addr=40000058  data=40000016  strb=f  last=1  id=10
[623990000.0 ps] M_DDR_AXI  WR  addr=4000005c  data=40000017  strb=f  last=1  id=10
[624950000.0 ps] M_DDR_AXI  WR  addr=40000060  data=40000018  strb=f  last=1  id=10
[626050000.0 ps] M_DDR_AXI  WR  addr=40000064  data=40000019  strb=f  last=1  id=10
[627010000.0 ps] M_DDR_AXI  WR  addr=40000068  data=4000001a  strb=f  last=1  id=10
[627970000.0 ps] M_DDR_AXI  WR  addr=4000006c  data=4000001b  strb=f  last=1  id=10
[628930000.0 ps] M_DDR_AXI  WR  addr=40000070  data=4000001c  strb=f  last=1  id=10
[629890000.0 ps] M_DDR_AXI  WR  addr=40000074  data=4000001d  strb=f  last=1  id=10
[630850000.0 ps] M_DDR_AXI  WR  addr=40000078  data=4000001e  strb=f  last=1  id=10
[631810000.0 ps] M_DDR_AXI  WR  addr=4000007c  data=4000001f  strb=f  last=1  id=10
[632770000.0 ps] M_DDR_AXI  WR  addr=40000080  data=40000020  strb=f  last=1  id=10
[633870000.0 ps] M_DDR_AXI  WR  addr=40000084  data=40000021  strb=f  last=1  id=10
[634830000.0 ps] M_DDR_AXI  WR  addr=40000088  data=40000022  strb=f  last=1  id=10
[635790000.0 ps] M_DDR_AXI  WR  addr=4000008c  data=40000023  strb=f  last=1  id=10
[636750000.0 ps] M_DDR_AXI  WR  addr=40000090  data=40000024  strb=f  last=1  id=10
[637710000.0 ps] M_DDR_AXI  WR  addr=40000094  data=40000025  strb=f  last=1  id=10
[638670000.0 ps] M_DDR_AXI  WR  addr=40000098  data=40000026  strb=f  last=1  id=10
[639630000.0 ps] M_DDR_AXI  WR  addr=4000009c  data=40000027  strb=f  last=1  id=10
[640590000.0 ps] M_DDR_AXI  WR  addr=400000a0  data=40000028  strb=f  last=1  id=10
[641690000.0 ps] M_DDR_AXI  WR  addr=400000a4  data=40000029  strb=f  last=1  id=10
[642650000.0 ps] M_DDR_AXI  WR  addr=400000a8  data=4000002a  strb=f  last=1  id=10
[643610000.0 ps] M_DDR_AXI  WR  addr=400000ac  data=4000002b  strb=f  last=1  id=10
[644570000.0 ps] M_DDR_AXI  WR  addr=400000b0  data=4000002c  strb=f  last=1  id=10
[645530000.0 ps] M_DDR_AXI  WR  addr=400000b4  data=4000002d  strb=f  last=1  id=10
[646490000.0 ps] M_DDR_AXI  WR  addr=400000b8  data=4000002e  strb=f  last=1  id=10
[647450000.0 ps] M_DDR_AXI  WR  addr=400000bc  data=4000002f  strb=f  last=1  id=10
[648410000.0 ps] M_DDR_AXI  WR  addr=400000c0  data=40000030  strb=f  last=1  id=10
[649510000.0 ps] M_DDR_AXI  WR  addr=400000c4  data=40000031  strb=f  last=1  id=10
[650470000.0 ps] M_DDR_AXI  WR  addr=400000c8  data=40000032  strb=f  last=1  id=10
[651430000.0 ps] M_DDR_AXI  WR  addr=400000cc  data=40000033  strb=f  last=1  id=10
[652390000.0 ps] M_DDR_AXI  WR  addr=400000d0  data=40000034  strb=f  last=1  id=10
[653350000.0 ps] M_DDR_AXI  WR  addr=400000d4  data=40000035  strb=f  last=1  id=10
[654310000.0 ps] M_DDR_AXI  WR  addr=400000d8  data=40000036  strb=f  last=1  id=10
[655270000.0 ps] M_DDR_AXI  WR  addr=400000dc  data=40000037  strb=f  last=1  id=10
[656230000.0 ps] M_DDR_AXI  WR  addr=400000e0  data=40000038  strb=f  last=1  id=10
[657330000.0 ps] M_DDR_AXI  WR  addr=400000e4  data=40000039  strb=f  last=1  id=10
[658290000.0 ps] M_DDR_AXI  WR  addr=400000e8  data=4000003a  strb=f  last=1  id=10
[659250000.0 ps] M_DDR_AXI  WR  addr=400000ec  data=4000003b  strb=f  last=1  id=10
[660210000.0 ps] M_DDR_AXI  WR  addr=400000f0  data=4000003c  strb=f  last=1  id=10
[661170000.0 ps] M_DDR_AXI  WR  addr=400000f4  data=4000003d  strb=f  last=1  id=10
[662130000.0 ps] M_DDR_AXI  WR  addr=400000f8  data=4000003e  strb=f  last=1  id=10
[663090000.0 ps] M_DDR_AXI  WR  addr=400000fc  data=4000003f  strb=f  last=1  id=10
[664050000.0 ps] M_DDR_AXI  WR  addr=40000100  data=40000040  strb=f  last=1  id=10
[665150000.0 ps] M_DDR_AXI  WR  addr=40000104  data=40000041  strb=f  last=1  id=10
[666110000.0 ps] M_DDR_AXI  WR  addr=40000108  data=40000042  strb=f  last=1  id=10
[667070000.0 ps] M_DDR_AXI  WR  addr=4000010c  data=40000043  strb=f  last=1  id=10
[668030000.0 ps] M_DDR_AXI  WR  addr=40000110  data=40000044  strb=f  last=1  id=10
[668990000.0 ps] M_DDR_AXI  WR  addr=40000114  data=40000045  strb=f  last=1  id=10
[669950000.0 ps] M_DDR_AXI  WR  addr=40000118  data=40000046  strb=f  last=1  id=10
[670910000.0 ps] M_DDR_AXI  WR  addr=4000011c  data=40000047  strb=f  last=1  id=10
[671870000.0 ps] M_DDR_AXI  WR  addr=40000120  data=40000048  strb=f  last=1  id=10
[672970000.0 ps] M_DDR_AXI  WR  addr=40000124  data=40000049  strb=f  last=1  id=10
[673930000.0 ps] M_DDR_AXI  WR  addr=40000128  data=4000004a  strb=f  last=1  id=10
[674890000.0 ps] M_DDR_AXI  WR  addr=4000012c  data=4000004b  strb=f  last=1  id=10
[675850000.0 ps] M_DDR_AXI  WR  addr=40000130  data=4000004c  strb=f  last=1  id=10
[676810000.0 ps] M_DDR_AXI  WR  addr=40000134  data=4000004d  strb=f  last=1  id=10
[677770000.0 ps] M_DDR_AXI  WR  addr=40000138  data=4000004e  strb=f  last=1  id=10
[678730000.0 ps] M_DDR_AXI  WR  addr=4000013c  data=4000004f  strb=f  last=1  id=10
[679690000.0 ps] M_DDR_AXI  WR  addr=40000140  data=40000050  strb=f  last=1  id=10
[680790000.0 ps] M_DDR_AXI  WR  addr=40000144  data=40000051  strb=f  last=1  id=10
[681750000.0 ps] M_DDR_AXI  WR  addr=40000148  data=40000052  strb=f  last=1  id=10
[682710000.0 ps] M_DDR_AXI  WR  addr=4000014c  data=40000053  strb=f  last=1  id=10
[683670000.0 ps] M_DDR_AXI  WR  addr=40000150  data=40000054  strb=f  last=1  id=10
[684630000.0 ps] M_DDR_AXI  WR  addr=40000154  data=40000055  strb=f  last=1  id=10
[685590000.0 ps] M_DDR_AXI  WR  addr=40000158  data=40000056  strb=f  last=1  id=10
[686550000.0 ps] M_DDR_AXI  WR  addr=4000015c  data=40000057  strb=f  last=1  id=10
[687510000.0 ps] M_DDR_AXI  WR  addr=40000160  data=40000058  strb=f  last=1  id=10
[688610000.0 ps] M_DDR_AXI  WR  addr=40000164  data=40000059  strb=f  last=1  id=10
[689570000.0 ps] M_DDR_AXI  WR  addr=40000168  data=4000005a  strb=f  last=1  id=10
[690530000.0 ps] M_DDR_AXI  WR  addr=4000016c  data=4000005b  strb=f  last=1  id=10
[691490000.0 ps] M_DDR_AXI  WR  addr=40000170  data=4000005c  strb=f  last=1  id=10
[692450000.0 ps] M_DDR_AXI  WR  addr=40000174  data=4000005d  strb=f  last=1  id=10
[693410000.0 ps] M_DDR_AXI  WR  addr=40000178  data=4000005e  strb=f  last=1  id=10
[694370000.0 ps] M_DDR_AXI  WR  addr=4000017c  data=4000005f  strb=f  last=1  id=10
[695330000.0 ps] M_DDR_AXI  WR  addr=40000180  data=40000060  strb=f  last=1  id=10
[696430000.0 ps] M_DDR_AXI  WR  addr=40000184  data=40000061  strb=f  last=1  id=10
[697390000.0 ps] M_DDR_AXI  WR  addr=40000188  data=40000062  strb=f  last=1  id=10
[698350000.0 ps] M_DDR_AXI  WR  addr=4000018c  data=40000063  strb=f  last=1  id=10
[699310000.0 ps] M_DDR_AXI  WR  addr=40000190  data=40000064  strb=f  last=1  id=10
[700270000.0 ps] M_DDR_AXI  WR  addr=40000194  data=40000065  strb=f  last=1  id=10
[701230000.0 ps] M_DDR_AXI  WR  addr=40000198  data=40000066  strb=f  last=1  id=10
[702190000.0 ps] M_DDR_AXI  WR  addr=4000019c  data=40000067  strb=f  last=1  id=10
[703150000.0 ps] M_DDR_AXI  WR  addr=400001a0  data=40000068  strb=f  last=1  id=10
[704250000.0 ps] M_DDR_AXI  WR  addr=400001a4  data=40000069  strb=f  last=1  id=10
[705210000.0 ps] M_DDR_AXI  WR  addr=400001a8  data=4000006a  strb=f  last=1  id=10
[706170000.0 ps] M_DDR_AXI  WR  addr=400001ac  data=4000006b  strb=f  last=1  id=10
[707130000.0 ps] M_DDR_AXI  WR  addr=400001b0  data=4000006c  strb=f  last=1  id=10
[708090000.0 ps] M_DDR_AXI  WR  addr=400001b4  data=4000006d  strb=f  last=1  id=10
[709050000.0 ps] M_DDR_AXI  WR  addr=400001b8  data=4000006e  strb=f  last=1  id=10
[710010000.0 ps] M_DDR_AXI  WR  addr=400001bc  data=4000006f  strb=f  last=1  id=10
[710970000.0 ps] M_DDR_AXI  WR  addr=400001c0  data=40000070  strb=f  last=1  id=10
[712070000.0 ps] M_DDR_AXI  WR  addr=400001c4  data=40000071  strb=f  last=1  id=10
[713030000.0 ps] M_DDR_AXI  WR  addr=400001c8  data=40000072  strb=f  last=1  id=10
[713990000.0 ps] M_DDR_AXI  WR  addr=400001cc  data=40000073  strb=f  last=1  id=10
[714950000.0 ps] M_DDR_AXI  WR  addr=400001d0  data=40000074  strb=f  last=1  id=10
[715910000.0 ps] M_DDR_AXI  WR  addr=400001d4  data=40000075  strb=f  last=1  id=10
[716870000.0 ps] M_DDR_AXI  WR  addr=400001d8  data=40000076  strb=f  last=1  id=10
[717830000.0 ps] M_DDR_AXI  WR  addr=400001dc  data=40000077  strb=f  last=1  id=10
[718790000.0 ps] M_DDR_AXI  WR  addr=400001e0  data=40000078  strb=f  last=1  id=10
[719890000.0 ps] M_DDR_AXI  WR  addr=400001e4  data=40000079  strb=f  last=1  id=10
[720850000.0 ps] M_DDR_AXI  WR  addr=400001e8  data=4000007a  strb=f  last=1  id=10
[721810000.0 ps] M_DDR_AXI  WR  addr=400001ec  data=4000007b  strb=f  last=1  id=10
[722770000.0 ps] M_DDR_AXI  WR  addr=400001f0  data=4000007c  strb=f  last=1  id=10
[723730000.0 ps] M_DDR_AXI  WR  addr=400001f4  data=4000007d  strb=f  last=1  id=10
[724690000.0 ps] M_DDR_AXI  WR  addr=400001f8  data=4000007e  strb=f  last=1  id=10
[725650000.0 ps] M_DDR_AXI  WR  addr=400001fc  data=4000007f  strb=f  last=1  id=10
[726610000.0 ps] M_DDR_AXI  WR  addr=40000200  data=40000080  strb=f  last=1  id=10
[727710000.0 ps] M_DDR_AXI  WR  addr=40000204  data=40000081  strb=f  last=1  id=10
[728670000.0 ps] M_DDR_AXI  WR  addr=40000208  data=40000082  strb=f  last=1  id=10
[729630000.0 ps] M_DDR_AXI  WR  addr=4000020c  data=40000083  strb=f  last=1  id=10
[730590000.0 ps] M_DDR_AXI  WR  addr=40000210  data=40000084  strb=f  last=1  id=10
[731550000.0 ps] M_DDR_AXI  WR  addr=40000214  data=40000085  strb=f  last=1  id=10
[732510000.0 ps] M_DDR_AXI  WR  addr=40000218  data=40000086  strb=f  last=1  id=10
[733470000.0 ps] M_DDR_AXI  WR  addr=4000021c  data=40000087  strb=f  last=1  id=10
[734430000.0 ps] M_DDR_AXI  WR  addr=40000220  data=40000088  strb=f  last=1  id=10
[735530000.0 ps] M_DDR_AXI  WR  addr=40000224  data=40000089  strb=f  last=1  id=10
[736490000.0 ps] M_DDR_AXI  WR  addr=40000228  data=4000008a  strb=f  last=1  id=10
[737450000.0 ps] M_DDR_AXI  WR  addr=4000022c  data=4000008b  strb=f  last=1  id=10
[738410000.0 ps] M_DDR_AXI  WR  addr=40000230  data=4000008c  strb=f  last=1  id=10
[739370000.0 ps] M_DDR_AXI  WR  addr=40000234  data=4000008d  strb=f  last=1  id=10
[740330000.0 ps] M_DDR_AXI  WR  addr=40000238  data=4000008e  strb=f  last=1  id=10
[741290000.0 ps] M_DDR_AXI  WR  addr=4000023c  data=4000008f  strb=f  last=1  id=10
[742250000.0 ps] M_DDR_AXI  WR  addr=40000240  data=40000090  strb=f  last=1  id=10
[743350000.0 ps] M_DDR_AXI  WR  addr=40000244  data=40000091  strb=f  last=1  id=10
[744310000.0 ps] M_DDR_AXI  WR  addr=40000248  data=40000092  strb=f  last=1  id=10
[745270000.0 ps] M_DDR_AXI  WR  addr=4000024c  data=40000093  strb=f  last=1  id=10
[746230000.0 ps] M_DDR_AXI  WR  addr=40000250  data=40000094  strb=f  last=1  id=10
[747190000.0 ps] M_DDR_AXI  WR  addr=40000254  data=40000095  strb=f  last=1  id=10
[748150000.0 ps] M_DDR_AXI  WR  addr=40000258  data=40000096  strb=f  last=1  id=10
[749110000.0 ps] M_DDR_AXI  WR  addr=4000025c  data=40000097  strb=f  last=1  id=10
[750070000.0 ps] M_DDR_AXI  WR  addr=40000260  data=40000098  strb=f  last=1  id=10
[751170000.0 ps] M_DDR_AXI  WR  addr=40000264  data=40000099  strb=f  last=1  id=10
[752130000.0 ps] M_DDR_AXI  WR  addr=40000268  data=4000009a  strb=f  last=1  id=10
[753090000.0 ps] M_DDR_AXI  WR  addr=4000026c  data=4000009b  strb=f  last=1  id=10
[754050000.0 ps] M_DDR_AXI  WR  addr=40000270  data=4000009c  strb=f  last=1  id=10
[755010000.0 ps] M_DDR_AXI  WR  addr=40000274  data=4000009d  strb=f  last=1  id=10
[755970000.0 ps] M_DDR_AXI  WR  addr=40000278  data=4000009e  strb=f  last=1  id=10
[756930000.0 ps] M_DDR_AXI  WR  addr=4000027c  data=4000009f  strb=f  last=1  id=10
[757890000.0 ps] M_DDR_AXI  WR  addr=40000280  data=400000a0  strb=f  last=1  id=10
[758990000.0 ps] M_DDR_AXI  WR  addr=40000284  data=400000a1  strb=f  last=1  id=10
[759950000.0 ps] M_DDR_AXI  WR  addr=40000288  data=400000a2  strb=f  last=1  id=10
[760910000.0 ps] M_DDR_AXI  WR  addr=4000028c  data=400000a3  strb=f  last=1  id=10
[761870000.0 ps] M_DDR_AXI  WR  addr=40000290  data=400000a4  strb=f  last=1  id=10
[762830000.0 ps] M_DDR_AXI  WR  addr=40000294  data=400000a5  strb=f  last=1  id=10
[763790000.0 ps] M_DDR_AXI  WR  addr=40000298  data=400000a6  strb=f  last=1  id=10
[764750000.0 ps] M_DDR_AXI  WR  addr=4000029c  data=400000a7  strb=f  last=1  id=10
[765710000.0 ps] M_DDR_AXI  WR  addr=400002a0  data=400000a8  strb=f  last=1  id=10
[766810000.0 ps] M_DDR_AXI  WR  addr=400002a4  data=400000a9  strb=f  last=1  id=10
[767770000.0 ps] M_DDR_AXI  WR  addr=400002a8  data=400000aa  strb=f  last=1  id=10
[768730000.0 ps] M_DDR_AXI  WR  addr=400002ac  data=400000ab  strb=f  last=1  id=10
[769690000.0 ps] M_DDR_AXI  WR  addr=400002b0  data=400000ac  strb=f  last=1  id=10
[770650000.0 ps] M_DDR_AXI  WR  addr=400002b4  data=400000ad  strb=f  last=1  id=10
[771610000.0 ps] M_DDR_AXI  WR  addr=400002b8  data=400000ae  strb=f  last=1  id=10
[772570000.0 ps] M_DDR_AXI  WR  addr=400002bc  data=400000af  strb=f  last=1  id=10
[773530000.0 ps] M_DDR_AXI  WR  addr=400002c0  data=400000b0  strb=f  last=1  id=10
[774630000.0 ps] M_DDR_AXI  WR  addr=400002c4  data=400000b1  strb=f  last=1  id=10
[775590000.0 ps] M_DDR_AXI  WR  addr=400002c8  data=400000b2  strb=f  last=1  id=10
[776550000.0 ps] M_DDR_AXI  WR  addr=400002cc  data=400000b3  strb=f  last=1  id=10
[777510000.0 ps] M_DDR_AXI  WR  addr=400002d0  data=400000b4  strb=f  last=1  id=10
[778470000.0 ps] M_DDR_AXI  WR  addr=400002d4  data=400000b5  strb=f  last=1  id=10
[779430000.0 ps] M_DDR_AXI  WR  addr=400002d8  data=400000b6  strb=f  last=1  id=10
[780390000.0 ps] M_DDR_AXI  WR  addr=400002dc  data=400000b7  strb=f  last=1  id=10
[781350000.0 ps] M_DDR_AXI  WR  addr=400002e0  data=400000b8  strb=f  last=1  id=10
[782450000.0 ps] M_DDR_AXI  WR  addr=400002e4  data=400000b9  strb=f  last=1  id=10
[783410000.0 ps] M_DDR_AXI  WR  addr=400002e8  data=400000ba  strb=f  last=1  id=10
[784370000.0 ps] M_DDR_AXI  WR  addr=400002ec  data=400000bb  strb=f  last=1  id=10
[785330000.0 ps] M_DDR_AXI  WR  addr=400002f0  data=400000bc  strb=f  last=1  id=10
[786290000.0 ps] M_DDR_AXI  WR  addr=400002f4  data=400000bd  strb=f  last=1  id=10
[787250000.0 ps] M_DDR_AXI  WR  addr=400002f8  data=400000be  strb=f  last=1  id=10
[788210000.0 ps] M_DDR_AXI  WR  addr=400002fc  data=400000bf  strb=f  last=1  id=10
[789170000.0 ps] M_DDR_AXI  WR  addr=40000300  data=400000c0  strb=f  last=1  id=10
[790270000.0 ps] M_DDR_AXI  WR  addr=40000304  data=400000c1  strb=f  last=1  id=10
[791230000.0 ps] M_DDR_AXI  WR  addr=40000308  data=400000c2  strb=f  last=1  id=10
[792190000.0 ps] M_DDR_AXI  WR  addr=4000030c  data=400000c3  strb=f  last=1  id=10
[793150000.0 ps] M_DDR_AXI  WR  addr=40000310  data=400000c4  strb=f  last=1  id=10
[794110000.0 ps] M_DDR_AXI  WR  addr=40000314  data=400000c5  strb=f  last=1  id=10
[795070000.0 ps] M_DDR_AXI  WR  addr=40000318  data=400000c6  strb=f  last=1  id=10
[796030000.0 ps] M_DDR_AXI  WR  addr=4000031c  data=400000c7  strb=f  last=1  id=10
[796990000.0 ps] M_DDR_AXI  WR  addr=40000320  data=400000c8  strb=f  last=1  id=10
[798090000.0 ps] M_DDR_AXI  WR  addr=40000324  data=400000c9  strb=f  last=1  id=10
[799050000.0 ps] M_DDR_AXI  WR  addr=40000328  data=400000ca  strb=f  last=1  id=10
[800010000.0 ps] M_DDR_AXI  WR  addr=4000032c  data=400000cb  strb=f  last=1  id=10
[800970000.0 ps] M_DDR_AXI  WR  addr=40000330  data=400000cc  strb=f  last=1  id=10
[801930000.0 ps] M_DDR_AXI  WR  addr=40000334  data=400000cd  strb=f  last=1  id=10
[802890000.0 ps] M_DDR_AXI  WR  addr=40000338  data=400000ce  strb=f  last=1  id=10
[803850000.0 ps] M_DDR_AXI  WR  addr=4000033c  data=400000cf  strb=f  last=1  id=10
[804810000.0 ps] M_DDR_AXI  WR  addr=40000340  data=400000d0  strb=f  last=1  id=10
[805910000.0 ps] M_DDR_AXI  WR  addr=40000344  data=400000d1  strb=f  last=1  id=10
[806870000.0 ps] M_DDR_AXI  WR  addr=40000348  data=400000d2  strb=f  last=1  id=10
[807830000.0 ps] M_DDR_AXI  WR  addr=4000034c  data=400000d3  strb=f  last=1  id=10
[808790000.0 ps] M_DDR_AXI  WR  addr=40000350  data=400000d4  strb=f  last=1  id=10
[809750000.0 ps] M_DDR_AXI  WR  addr=40000354  data=400000d5  strb=f  last=1  id=10
[810710000.0 ps] M_DDR_AXI  WR  addr=40000358  data=400000d6  strb=f  last=1  id=10
[811670000.0 ps] M_DDR_AXI  WR  addr=4000035c  data=400000d7  strb=f  last=1  id=10
[812630000.0 ps] M_DDR_AXI  WR  addr=40000360  data=400000d8  strb=f  last=1  id=10
[813730000.0 ps] M_DDR_AXI  WR  addr=40000364  data=400000d9  strb=f  last=1  id=10
[814690000.0 ps] M_DDR_AXI  WR  addr=40000368  data=400000da  strb=f  last=1  id=10
[815650000.0 ps] M_DDR_AXI  WR  addr=4000036c  data=400000db  strb=f  last=1  id=10
[816610000.0 ps] M_DDR_AXI  WR  addr=40000370  data=400000dc  strb=f  last=1  id=10
[817570000.0 ps] M_DDR_AXI  WR  addr=40000374  data=400000dd  strb=f  last=1  id=10
[818530000.0 ps] M_DDR_AXI  WR  addr=40000378  data=400000de  strb=f  last=1  id=10
[819490000.0 ps] M_DDR_AXI  WR  addr=4000037c  data=400000df  strb=f  last=1  id=10
[820450000.0 ps] M_DDR_AXI  WR  addr=40000380  data=400000e0  strb=f  last=1  id=10
[821550000.0 ps] M_DDR_AXI  WR  addr=40000384  data=400000e1  strb=f  last=1  id=10
[822510000.0 ps] M_DDR_AXI  WR  addr=40000388  data=400000e2  strb=f  last=1  id=10
[823470000.0 ps] M_DDR_AXI  WR  addr=4000038c  data=400000e3  strb=f  last=1  id=10
[824430000.0 ps] M_DDR_AXI  WR  addr=40000390  data=400000e4  strb=f  last=1  id=10
[825390000.0 ps] M_DDR_AXI  WR  addr=40000394  data=400000e5  strb=f  last=1  id=10
[826350000.0 ps] M_DDR_AXI  WR  addr=40000398  data=400000e6  strb=f  last=1  id=10
[827310000.0 ps] M_DDR_AXI  WR  addr=4000039c  data=400000e7  strb=f  last=1  id=10
[828270000.0 ps] M_DDR_AXI  WR  addr=400003a0  data=400000e8  strb=f  last=1  id=10
[829370000.0 ps] M_DDR_AXI  WR  addr=400003a4  data=400000e9  strb=f  last=1  id=10
[830330000.0 ps] M_DDR_AXI  WR  addr=400003a8  data=400000ea  strb=f  last=1  id=10
[831290000.0 ps] M_DDR_AXI  WR  addr=400003ac  data=400000eb  strb=f  last=1  id=10
[832250000.0 ps] M_DDR_AXI  WR  addr=400003b0  data=400000ec  strb=f  last=1  id=10
[833210000.0 ps] M_DDR_AXI  WR  addr=400003b4  data=400000ed  strb=f  last=1  id=10
[834170000.0 ps] M_DDR_AXI  WR  addr=400003b8  data=400000ee  strb=f  last=1  id=10
[835130000.0 ps] M_DDR_AXI  WR  addr=400003bc  data=400000ef  strb=f  last=1  id=10
[836090000.0 ps] M_DDR_AXI  WR  addr=400003c0  data=400000f0  strb=f  last=1  id=10
[837190000.0 ps] M_DDR_AXI  WR  addr=400003c4  data=400000f1  strb=f  last=1  id=10
[838150000.0 ps] M_DDR_AXI  WR  addr=400003c8  data=400000f2  strb=f  last=1  id=10
[839110000.0 ps] M_DDR_AXI  WR  addr=400003cc  data=400000f3  strb=f  last=1  id=10
[840070000.0 ps] M_DDR_AXI  WR  addr=400003d0  data=400000f4  strb=f  last=1  id=10
[841030000.0 ps] M_DDR_AXI  WR  addr=400003d4  data=400000f5  strb=f  last=1  id=10
[841990000.0 ps] M_DDR_AXI  WR  addr=400003d8  data=400000f6  strb=f  last=1  id=10
[842950000.0 ps] M_DDR_AXI  WR  addr=400003dc  data=400000f7  strb=f  last=1  id=10
[843910000.0 ps] M_DDR_AXI  WR  addr=400003e0  data=400000f8  strb=f  last=1  id=10
[845010000.0 ps] M_DDR_AXI  WR  addr=400003e4  data=400000f9  strb=f  last=1  id=10
[845970000.0 ps] M_DDR_AXI  WR  addr=400003e8  data=400000fa  strb=f  last=1  id=10
[846930000.0 ps] M_DDR_AXI  WR  addr=400003ec  data=400000fb  strb=f  last=1  id=10
[847890000.0 ps] M_DDR_AXI  WR  addr=400003f0  data=400000fc  strb=f  last=1  id=10
[848850000.0 ps] M_DDR_AXI  WR  addr=400003f4  data=400000fd  strb=f  last=1  id=10
[849810000.0 ps] M_DDR_AXI  WR  addr=400003f8  data=400000fe  strb=f  last=1  id=10
[850770000.0 ps] M_DDR_AXI  WR  addr=400003fc  data=400000ff  strb=f  last=1  id=10
[851930000.0 ps] M_DDR_AXI  RD  addr=40000000  data=40000000  last=1  id=10
[853530000.0 ps] M_DDR_AXI  RD  addr=40000004  data=40000001  last=1  id=10
[855070000.0 ps] M_DDR_AXI  RD  addr=40000008  data=40000002  last=1  id=10
[856610000.0 ps] M_DDR_AXI  RD  addr=4000000c  data=40000003  last=1  id=10
[858150000.0 ps] M_DDR_AXI  RD  addr=40000010  data=40000004  last=1  id=10
[859690000.0 ps] M_DDR_AXI  RD  addr=40000014  data=40000005  last=1  id=10
[861270000.0 ps] M_DDR_AXI  RD  addr=40000018  data=40000006  last=1  id=10
[862810000.0 ps] M_DDR_AXI  RD  addr=4000001c  data=40000007  last=1  id=10
[864350000.0 ps] M_DDR_AXI  RD  addr=40000020  data=40000008  last=1  id=10
[865890000.0 ps] M_DDR_AXI  RD  addr=40000024  data=40000009  last=1  id=10
[867430000.0 ps] M_DDR_AXI  RD  addr=40000028  data=4000000a  last=1  id=10
[869010000.0 ps] M_DDR_AXI  RD  addr=4000002c  data=4000000b  last=1  id=10
[870550000.0 ps] M_DDR_AXI  RD  addr=40000030  data=4000000c  last=1  id=10
[872090000.0 ps] M_DDR_AXI  RD  addr=40000034  data=4000000d  last=1  id=10
[873630000.0 ps] M_DDR_AXI  RD  addr=40000038  data=4000000e  last=1  id=10
[875170000.0 ps] M_DDR_AXI  RD  addr=4000003c  data=4000000f  last=1  id=10
[876750000.0 ps] M_DDR_AXI  RD  addr=40000040  data=40000010  last=1  id=10
[878290000.0 ps] M_DDR_AXI  RD  addr=40000044  data=40000011  last=1  id=10
[879830000.0 ps] M_DDR_AXI  RD  addr=40000048  data=40000012  last=1  id=10
[881370000.0 ps] M_DDR_AXI  RD  addr=4000004c  data=40000013  last=1  id=10
[882910000.0 ps] M_DDR_AXI  RD  addr=40000050  data=40000014  last=1  id=10
[884490000.0 ps] M_DDR_AXI  RD  addr=40000054  data=40000015  last=1  id=10
[886030000.0 ps] M_DDR_AXI  RD  addr=40000058  data=40000016  last=1  id=10
[887570000.0 ps] M_DDR_AXI  RD  addr=4000005c  data=40000017  last=1  id=10
[889110000.0 ps] M_DDR_AXI  RD  addr=40000060  data=40000018  last=1  id=10
[890650000.0 ps] M_DDR_AXI  RD  addr=40000064  data=40000019  last=1  id=10
[892230000.0 ps] M_DDR_AXI  RD  addr=40000068  data=4000001a  last=1  id=10
[893770000.0 ps] M_DDR_AXI  RD  addr=4000006c  data=4000001b  last=1  id=10
[895310000.0 ps] M_DDR_AXI  RD  addr=40000070  data=4000001c  last=1  id=10
[896850000.0 ps] M_DDR_AXI  RD  addr=40000074  data=4000001d  last=1  id=10
[898390000.0 ps] M_DDR_AXI  RD  addr=40000078  data=4000001e  last=1  id=10
[899970000.0 ps] M_DDR_AXI  RD  addr=4000007c  data=4000001f  last=1  id=10
[901510000.0 ps] M_DDR_AXI  RD  addr=40000080  data=40000020  last=1  id=10
[903050000.0 ps] M_DDR_AXI  RD  addr=40000084  data=40000021  last=1  id=10
[904590000.0 ps] M_DDR_AXI  RD  addr=40000088  data=40000022  last=1  id=10
[906130000.0 ps] M_DDR_AXI  RD  addr=4000008c  data=40000023  last=1  id=10
[907710000.0 ps] M_DDR_AXI  RD  addr=40000090  data=40000024  last=1  id=10
[909250000.0 ps] M_DDR_AXI  RD  addr=40000094  data=40000025  last=1  id=10
[910790000.0 ps] M_DDR_AXI  RD  addr=40000098  data=40000026  last=1  id=10
[912330000.0 ps] M_DDR_AXI  RD  addr=4000009c  data=40000027  last=1  id=10
[913870000.0 ps] M_DDR_AXI  RD  addr=400000a0  data=40000028  last=1  id=10
[915450000.0 ps] M_DDR_AXI  RD  addr=400000a4  data=40000029  last=1  id=10
[916990000.0 ps] M_DDR_AXI  RD  addr=400000a8  data=4000002a  last=1  id=10
[918530000.0 ps] M_DDR_AXI  RD  addr=400000ac  data=4000002b  last=1  id=10
[920070000.0 ps] M_DDR_AXI  RD  addr=400000b0  data=4000002c  last=1  id=10
[921610000.0 ps] M_DDR_AXI  RD  addr=400000b4  data=4000002d  last=1  id=10
[923190000.0 ps] M_DDR_AXI  RD  addr=400000b8  data=4000002e  last=1  id=10
[924730000.0 ps] M_DDR_AXI  RD  addr=400000bc  data=4000002f  last=1  id=10
[926270000.0 ps] M_DDR_AXI  RD  addr=400000c0  data=40000030  last=1  id=10
[927810000.0 ps] M_DDR_AXI  RD  addr=400000c4  data=40000031  last=1  id=10
[929350000.0 ps] M_DDR_AXI  RD  addr=400000c8  data=40000032  last=1  id=10
[930930000.0 ps] M_DDR_AXI  RD  addr=400000cc  data=40000033  last=1  id=10
[932470000.0 ps] M_DDR_AXI  RD  addr=400000d0  data=40000034  last=1  id=10
[934010000.0 ps] M_DDR_AXI  RD  addr=400000d4  data=40000035  last=1  id=10
[935550000.0 ps] M_DDR_AXI  RD  addr=400000d8  data=40000036  last=1  id=10
[937090000.0 ps] M_DDR_AXI  RD  addr=400000dc  data=40000037  last=1  id=10
[938670000.0 ps] M_DDR_AXI  RD  addr=400000e0  data=40000038  last=1  id=10
[940210000.0 ps] M_DDR_AXI  RD  addr=400000e4  data=40000039  last=1  id=10
[941750000.0 ps] M_DDR_AXI  RD  addr=400000e8  data=4000003a  last=1  id=10
[943290000.0 ps] M_DDR_AXI  RD  addr=400000ec  data=4000003b  last=1  id=10
[944830000.0 ps] M_DDR_AXI  RD  addr=400000f0  data=4000003c  last=1  id=10
[946410000.0 ps] M_DDR_AXI  RD  addr=400000f4  data=4000003d  last=1  id=10
[947950000.0 ps] M_DDR_AXI  RD  addr=400000f8  data=4000003e  last=1  id=10
[949490000.0 ps] M_DDR_AXI  RD  addr=400000fc  data=4000003f  last=1  id=10
[951030000.0 ps] M_DDR_AXI  RD  addr=40000100  data=40000040  last=1  id=10
[952570000.0 ps] M_DDR_AXI  RD  addr=40000104  data=40000041  last=1  id=10
[954150000.0 ps] M_DDR_AXI  RD  addr=40000108  data=40000042  last=1  id=10
[955690000.0 ps] M_DDR_AXI  RD  addr=4000010c  data=40000043  last=1  id=10
[957230000.0 ps] M_DDR_AXI  RD  addr=40000110  data=40000044  last=1  id=10
[958770000.0 ps] M_DDR_AXI  RD  addr=40000114  data=40000045  last=1  id=10
[960310000.0 ps] M_DDR_AXI  RD  addr=40000118  data=40000046  last=1  id=10
[961930000.0 ps] M_DDR_AXI  RD  addr=4000011c  data=40000047  last=1  id=10
[963470000.0 ps] M_DDR_AXI  RD  addr=40000120  data=40000048  last=1  id=10
[965010000.0 ps] M_DDR_AXI  RD  addr=40000124  data=40000049  last=1  id=10
[966550000.0 ps] M_DDR_AXI  RD  addr=40000128  data=4000004a  last=1  id=10
[968090000.0 ps] M_DDR_AXI  RD  addr=4000012c  data=4000004b  last=1  id=10
[969750000.0 ps] M_DDR_AXI  RD  addr=40000130  data=4000004c  last=1  id=10
[971290000.0 ps] M_DDR_AXI  RD  addr=40000134  data=4000004d  last=1  id=10
[972830000.0 ps] M_DDR_AXI  RD  addr=40000138  data=4000004e  last=1  id=10
[974370000.0 ps] M_DDR_AXI  RD  addr=4000013c  data=4000004f  last=1  id=10
[975910000.0 ps] M_DDR_AXI  RD  addr=40000140  data=40000050  last=1  id=10
[977570000.0 ps] M_DDR_AXI  RD  addr=40000144  data=40000051  last=1  id=10
[979110000.0 ps] M_DDR_AXI  RD  addr=40000148  data=40000052  last=1  id=10
[980650000.0 ps] M_DDR_AXI  RD  addr=4000014c  data=40000053  last=1  id=10
[982190000.0 ps] M_DDR_AXI  RD  addr=40000150  data=40000054  last=1  id=10
[983730000.0 ps] M_DDR_AXI  RD  addr=40000154  data=40000055  last=1  id=10
[985390000.0 ps] M_DDR_AXI  RD  addr=40000158  data=40000056  last=1  id=10
[986930000.0 ps] M_DDR_AXI  RD  addr=4000015c  data=40000057  last=1  id=10
[988470000.0 ps] M_DDR_AXI  RD  addr=40000160  data=40000058  last=1  id=10
[990010000.0 ps] M_DDR_AXI  RD  addr=40000164  data=40000059  last=1  id=10
[991550000.0 ps] M_DDR_AXI  RD  addr=40000168  data=4000005a  last=1  id=10
[993210000.0 ps] M_DDR_AXI  RD  addr=4000016c  data=4000005b  last=1  id=10
[994750000.0 ps] M_DDR_AXI  RD  addr=40000170  data=4000005c  last=1  id=10
[996290000.0 ps] M_DDR_AXI  RD  addr=40000174  data=4000005d  last=1  id=10
[997830000.0 ps] M_DDR_AXI  RD  addr=40000178  data=4000005e  last=1  id=10
[999370000.0 ps] M_DDR_AXI  RD  addr=4000017c  data=4000005f  last=1  id=10
[1001030000.0 ps] M_DDR_AXI  RD  addr=40000180  data=40000060  last=1  id=10
[1002570000.0 ps] M_DDR_AXI  RD  addr=40000184  data=40000061  last=1  id=10
[1004110000.0 ps] M_DDR_AXI  RD  addr=40000188  data=40000062  last=1  id=10
[1005650000.0 ps] M_DDR_AXI  RD  addr=4000018c  data=40000063  last=1  id=10
[1007190000.0 ps] M_DDR_AXI  RD  addr=40000190  data=40000064  last=1  id=10
[1008850000.0 ps] M_DDR_AXI  RD  addr=40000194  data=40000065  last=1  id=10
[1010390000.0 ps] M_DDR_AXI  RD  addr=40000198  data=40000066  last=1  id=10
[1011930000.0 ps] M_DDR_AXI  RD  addr=4000019c  data=40000067  last=1  id=10
[1013470000.0 ps] M_DDR_AXI  RD  addr=400001a0  data=40000068  last=1  id=10
[1015010000.0 ps] M_DDR_AXI  RD  addr=400001a4  data=40000069  last=1  id=10
[1016670000.0 ps] M_DDR_AXI  RD  addr=400001a8  data=4000006a  last=1  id=10
[1018210000.0 ps] M_DDR_AXI  RD  addr=400001ac  data=4000006b  last=1  id=10
[1019750000.0 ps] M_DDR_AXI  RD  addr=400001b0  data=4000006c  last=1  id=10
[1021290000.0 ps] M_DDR_AXI  RD  addr=400001b4  data=4000006d  last=1  id=10
[1022830000.0 ps] M_DDR_AXI  RD  addr=400001b8  data=4000006e  last=1  id=10
[1024490000.0 ps] M_DDR_AXI  RD  addr=400001bc  data=4000006f  last=1  id=10
[1026030000.0 ps] M_DDR_AXI  RD  addr=400001c0  data=40000070  last=1  id=10
[1027570000.0 ps] M_DDR_AXI  RD  addr=400001c4  data=40000071  last=1  id=10
[1029110000.0 ps] M_DDR_AXI  RD  addr=400001c8  data=40000072  last=1  id=10
[1030650000.0 ps] M_DDR_AXI  RD  addr=400001cc  data=40000073  last=1  id=10
[1032310000.0 ps] M_DDR_AXI  RD  addr=400001d0  data=40000074  last=1  id=10
[1033850000.0 ps] M_DDR_AXI  RD  addr=400001d4  data=40000075  last=1  id=10
[1035390000.0 ps] M_DDR_AXI  RD  addr=400001d8  data=40000076  last=1  id=10
[1036930000.0 ps] M_DDR_AXI  RD  addr=400001dc  data=40000077  last=1  id=10
[1038470000.0 ps] M_DDR_AXI  RD  addr=400001e0  data=40000078  last=1  id=10
[1040130000.0 ps] M_DDR_AXI  RD  addr=400001e4  data=40000079  last=1  id=10
[1041670000.0 ps] M_DDR_AXI  RD  addr=400001e8  data=4000007a  last=1  id=10
[1043210000.0 ps] M_DDR_AXI  RD  addr=400001ec  data=4000007b  last=1  id=10
[1044750000.0 ps] M_DDR_AXI  RD  addr=400001f0  data=4000007c  last=1  id=10
[1046290000.0 ps] M_DDR_AXI  RD  addr=400001f4  data=4000007d  last=1  id=10
[1047950000.0 ps] M_DDR_AXI  RD  addr=400001f8  data=4000007e  last=1  id=10
[1049490000.0 ps] M_DDR_AXI  RD  addr=400001fc  data=4000007f  last=1  id=10
[1051030000.0 ps] M_DDR_AXI  RD  addr=40000200  data=40000080  last=1  id=10
[1052570000.0 ps] M_DDR_AXI  RD  addr=40000204  data=40000081  last=1  id=10
[1054110000.0 ps] M_DDR_AXI  RD  addr=40000208  data=40000082  last=1  id=10
[1055770000.0 ps] M_DDR_AXI  RD  addr=4000020c  data=40000083  last=1  id=10
[1057310000.0 ps] M_DDR_AXI  RD  addr=40000210  data=40000084  last=1  id=10
[1058850000.0 ps] M_DDR_AXI  RD  addr=40000214  data=40000085  last=1  id=10
[1060390000.0 ps] M_DDR_AXI  RD  addr=40000218  data=40000086  last=1  id=10
[1061930000.0 ps] M_DDR_AXI  RD  addr=4000021c  data=40000087  last=1  id=10
[1063590000.0 ps] M_DDR_AXI  RD  addr=40000220  data=40000088  last=1  id=10
[1065130000.0 ps] M_DDR_AXI  RD  addr=40000224  data=40000089  last=1  id=10
[1066670000.0 ps] M_DDR_AXI  RD  addr=40000228  data=4000008a  last=1  id=10
[1068210000.0 ps] M_DDR_AXI  RD  addr=4000022c  data=4000008b  last=1  id=10
[1069750000.0 ps] M_DDR_AXI  RD  addr=40000230  data=4000008c  last=1  id=10
[1071410000.0 ps] M_DDR_AXI  RD  addr=40000234  data=4000008d  last=1  id=10
[1072950000.0 ps] M_DDR_AXI  RD  addr=40000238  data=4000008e  last=1  id=10
[1074490000.0 ps] M_DDR_AXI  RD  addr=4000023c  data=4000008f  last=1  id=10
[1076030000.0 ps] M_DDR_AXI  RD  addr=40000240  data=40000090  last=1  id=10
[1077570000.0 ps] M_DDR_AXI  RD  addr=40000244  data=40000091  last=1  id=10
[1079230000.0 ps] M_DDR_AXI  RD  addr=40000248  data=40000092  last=1  id=10
[1080770000.0 ps] M_DDR_AXI  RD  addr=4000024c  data=40000093  last=1  id=10
[1082310000.0 ps] M_DDR_AXI  RD  addr=40000250  data=40000094  last=1  id=10
[1083850000.0 ps] M_DDR_AXI  RD  addr=40000254  data=40000095  last=1  id=10
[1085390000.0 ps] M_DDR_AXI  RD  addr=40000258  data=40000096  last=1  id=10
[1087050000.0 ps] M_DDR_AXI  RD  addr=4000025c  data=40000097  last=1  id=10
[1088590000.0 ps] M_DDR_AXI  RD  addr=40000260  data=40000098  last=1  id=10
[1090130000.0 ps] M_DDR_AXI  RD  addr=40000264  data=40000099  last=1  id=10
[1091670000.0 ps] M_DDR_AXI  RD  addr=40000268  data=4000009a  last=1  id=10
[1093210000.0 ps] M_DDR_AXI  RD  addr=4000026c  data=4000009b  last=1  id=10
[1094870000.0 ps] M_DDR_AXI  RD  addr=40000270  data=4000009c  last=1  id=10
[1096410000.0 ps] M_DDR_AXI  RD  addr=40000274  data=4000009d  last=1  id=10
[1097950000.0 ps] M_DDR_AXI  RD  addr=40000278  data=4000009e  last=1  id=10
[1099490000.0 ps] M_DDR_AXI  RD  addr=4000027c  data=4000009f  last=1  id=10
[1101030000.0 ps] M_DDR_AXI  RD  addr=40000280  data=400000a0  last=1  id=10
[1102690000.0 ps] M_DDR_AXI  RD  addr=40000284  data=400000a1  last=1  id=10
[1104230000.0 ps] M_DDR_AXI  RD  addr=40000288  data=400000a2  last=1  id=10
[1105770000.0 ps] M_DDR_AXI  RD  addr=4000028c  data=400000a3  last=1  id=10
[1107310000.0 ps] M_DDR_AXI  RD  addr=40000290  data=400000a4  last=1  id=10
[1108850000.0 ps] M_DDR_AXI  RD  addr=40000294  data=400000a5  last=1  id=10
[1110510000.0 ps] M_DDR_AXI  RD  addr=40000298  data=400000a6  last=1  id=10
[1112050000.0 ps] M_DDR_AXI  RD  addr=4000029c  data=400000a7  last=1  id=10
[1113590000.0 ps] M_DDR_AXI  RD  addr=400002a0  data=400000a8  last=1  id=10
[1115130000.0 ps] M_DDR_AXI  RD  addr=400002a4  data=400000a9  last=1  id=10
[1116670000.0 ps] M_DDR_AXI  RD  addr=400002a8  data=400000aa  last=1  id=10
[1118330000.0 ps] M_DDR_AXI  RD  addr=400002ac  data=400000ab  last=1  id=10
[1119870000.0 ps] M_DDR_AXI  RD  addr=400002b0  data=400000ac  last=1  id=10
[1121410000.0 ps] M_DDR_AXI  RD  addr=400002b4  data=400000ad  last=1  id=10
[1122950000.0 ps] M_DDR_AXI  RD  addr=400002b8  data=400000ae  last=1  id=10
[1124490000.0 ps] M_DDR_AXI  RD  addr=400002bc  data=400000af  last=1  id=10
[1126150000.0 ps] M_DDR_AXI  RD  addr=400002c0  data=400000b0  last=1  id=10
[1127690000.0 ps] M_DDR_AXI  RD  addr=400002c4  data=400000b1  last=1  id=10
[1129230000.0 ps] M_DDR_AXI  RD  addr=400002c8  data=400000b2  last=1  id=10
[1130770000.0 ps] M_DDR_AXI  RD  addr=400002cc  data=400000b3  last=1  id=10
[1132310000.0 ps] M_DDR_AXI  RD  addr=400002d0  data=400000b4  last=1  id=10
[1133970000.0 ps] M_DDR_AXI  RD  addr=400002d4  data=400000b5  last=1  id=10
[1135510000.0 ps] M_DDR_AXI  RD  addr=400002d8  data=400000b6  last=1  id=10
[1137050000.0 ps] M_DDR_AXI  RD  addr=400002dc  data=400000b7  last=1  id=10
[1138590000.0 ps] M_DDR_AXI  RD  addr=400002e0  data=400000b8  last=1  id=10
[1140130000.0 ps] M_DDR_AXI  RD  addr=400002e4  data=400000b9  last=1  id=10
[1141790000.0 ps] M_DDR_AXI  RD  addr=400002e8  data=400000ba  last=1  id=10
[1143330000.0 ps] M_DDR_AXI  RD  addr=400002ec  data=400000bb  last=1  id=10
[1144870000.0 ps] M_DDR_AXI  RD  addr=400002f0  data=400000bc  last=1  id=10
[1146410000.0 ps] M_DDR_AXI  RD  addr=400002f4  data=400000bd  last=1  id=10
[1147950000.0 ps] M_DDR_AXI  RD  addr=400002f8  data=400000be  last=1  id=10
[1149610000.0 ps] M_DDR_AXI  RD  addr=400002fc  data=400000bf  last=1  id=10
[1151150000.0 ps] M_DDR_AXI  RD  addr=40000300  data=400000c0  last=1  id=10
[1152690000.0 ps] M_DDR_AXI  RD  addr=40000304  data=400000c1  last=1  id=10
[1154230000.0 ps] M_DDR_AXI  RD  addr=40000308  data=400000c2  last=1  id=10
[1155770000.0 ps] M_DDR_AXI  RD  addr=4000030c  data=400000c3  last=1  id=10
[1157430000.0 ps] M_DDR_AXI  RD  addr=40000310  data=400000c4  last=1  id=10
[1158970000.0 ps] M_DDR_AXI  RD  addr=40000314  data=400000c5  last=1  id=10
[1160510000.0 ps] M_DDR_AXI  RD  addr=40000318  data=400000c6  last=1  id=10
[1162050000.0 ps] M_DDR_AXI  RD  addr=4000031c  data=400000c7  last=1  id=10
[1163590000.0 ps] M_DDR_AXI  RD  addr=40000320  data=400000c8  last=1  id=10
[1165250000.0 ps] M_DDR_AXI  RD  addr=40000324  data=400000c9  last=1  id=10
[1166790000.0 ps] M_DDR_AXI  RD  addr=40000328  data=400000ca  last=1  id=10
[1168330000.0 ps] M_DDR_AXI  RD  addr=4000032c  data=400000cb  last=1  id=10
[1169870000.0 ps] M_DDR_AXI  RD  addr=40000330  data=400000cc  last=1  id=10
[1171410000.0 ps] M_DDR_AXI  RD  addr=40000334  data=400000cd  last=1  id=10
[1173070000.0 ps] M_DDR_AXI  RD  addr=40000338  data=400000ce  last=1  id=10
[1174610000.0 ps] M_DDR_AXI  RD  addr=4000033c  data=400000cf  last=1  id=10
[1176150000.0 ps] M_DDR_AXI  RD  addr=40000340  data=400000d0  last=1  id=10
[1177690000.0 ps] M_DDR_AXI  RD  addr=40000344  data=400000d1  last=1  id=10
[1179230000.0 ps] M_DDR_AXI  RD  addr=40000348  data=400000d2  last=1  id=10
[1180890000.0 ps] M_DDR_AXI  RD  addr=4000034c  data=400000d3  last=1  id=10
[1182430000.0 ps] M_DDR_AXI  RD  addr=40000350  data=400000d4  last=1  id=10
[1183970000.0 ps] M_DDR_AXI  RD  addr=40000354  data=400000d5  last=1  id=10
[1185510000.0 ps] M_DDR_AXI  RD  addr=40000358  data=400000d6  last=1  id=10
[1187050000.0 ps] M_DDR_AXI  RD  addr=4000035c  data=400000d7  last=1  id=10
[1188710000.0 ps] M_DDR_AXI  RD  addr=40000360  data=400000d8  last=1  id=10
[1190250000.0 ps] M_DDR_AXI  RD  addr=40000364  data=400000d9  last=1  id=10
[1191790000.0 ps] M_DDR_AXI  RD  addr=40000368  data=400000da  last=1  id=10
[1193330000.0 ps] M_DDR_AXI  RD  addr=4000036c  data=400000db  last=1  id=10
[1194870000.0 ps] M_DDR_AXI  RD  addr=40000370  data=400000dc  last=1  id=10
[1196530000.0 ps] M_DDR_AXI  RD  addr=40000374  data=400000dd  last=1  id=10
[1198070000.0 ps] M_DDR_AXI  RD  addr=40000378  data=400000de  last=1  id=10
[1199610000.0 ps] M_DDR_AXI  RD  addr=4000037c  data=400000df  last=1  id=10
[1201150000.0 ps] M_DDR_AXI  RD  addr=40000380  data=400000e0  last=1  id=10
[1202690000.0 ps] M_DDR_AXI  RD  addr=40000384  data=400000e1  last=1  id=10
[1204350000.0 ps] M_DDR_AXI  RD  addr=40000388  data=400000e2  last=1  id=10
[1205890000.0 ps] M_DDR_AXI  RD  addr=4000038c  data=400000e3  last=1  id=10
[1207430000.0 ps] M_DDR_AXI  RD  addr=40000390  data=400000e4  last=1  id=10
[1208970000.0 ps] M_DDR_AXI  RD  addr=40000394  data=400000e5  last=1  id=10
[1210510000.0 ps] M_DDR_AXI  RD  addr=40000398  data=400000e6  last=1  id=10
[1212170000.0 ps] M_DDR_AXI  RD  addr=4000039c  data=400000e7  last=1  id=10
[1213710000.0 ps] M_DDR_AXI  RD  addr=400003a0  data=400000e8  last=1  id=10
[1215250000.0 ps] M_DDR_AXI  RD  addr=400003a4  data=400000e9  last=1  id=10
[1216790000.0 ps] M_DDR_AXI  RD  addr=400003a8  data=400000ea  last=1  id=10
[1218330000.0 ps] M_DDR_AXI  RD  addr=400003ac  data=400000eb  last=1  id=10
[1219990000.0 ps] M_DDR_AXI  RD  addr=400003b0  data=400000ec  last=1  id=10
[1221530000.0 ps] M_DDR_AXI  RD  addr=400003b4  data=400000ed  last=1  id=10
[1223070000.0 ps] M_DDR_AXI  RD  addr=400003b8  data=400000ee  last=1  id=10
[1224610000.0 ps] M_DDR_AXI  RD  addr=400003bc  data=400000ef  last=1  id=10
[1226150000.0 ps] M_DDR_AXI  RD  addr=400003c0  data=400000f0  last=1  id=10
[1227810000.0 ps] M_DDR_AXI  RD  addr=400003c4  data=400000f1  last=1  id=10
[1229350000.0 ps] M_DDR_AXI  RD  addr=400003c8  data=400000f2  last=1  id=10
[1230890000.0 ps] M_DDR_AXI  RD  addr=400003cc  data=400000f3  last=1  id=10
[1232430000.0 ps] M_DDR_AXI  RD  addr=400003d0  data=400000f4  last=1  id=10
[1233970000.0 ps] M_DDR_AXI  RD  addr=400003d4  data=400000f5  last=1  id=10
[1235630000.0 ps] M_DDR_AXI  RD  addr=400003d8  data=400000f6  last=1  id=10
[1237170000.0 ps] M_DDR_AXI  RD  addr=400003dc  data=400000f7  last=1  id=10
[1238710000.0 ps] M_DDR_AXI  RD  addr=400003e0  data=400000f8  last=1  id=10
[1240250000.0 ps] M_DDR_AXI  RD  addr=400003e4  data=400000f9  last=1  id=10
[1241790000.0 ps] M_DDR_AXI  RD  addr=400003e8  data=400000fa  last=1  id=10
[1243450000.0 ps] M_DDR_AXI  RD  addr=400003ec  data=400000fb  last=1  id=10
[1244990000.0 ps] M_DDR_AXI  RD  addr=400003f0  data=400000fc  last=1  id=10
[1246530000.0 ps] M_DDR_AXI  RD  addr=400003f4  data=400000fd  last=1  id=10
[1248070000.0 ps] M_DDR_AXI  RD  addr=400003f8  data=400000fe  last=1  id=10
[1249610000.0 ps] M_DDR_AXI  RD  addr=400003fc  data=400000ff  last=1  id=10
[1251450000.0 ps] M_DDR_AXI  WR  addr=40000000  data=00000001  strb=f  last=1  id=10
[1252450000.0 ps] M_DDR_AXI  WR  addr=40000004  data=00000002  strb=f  last=1  id=10
[1253410000.0 ps] M_DDR_AXI  WR  addr=40000008  data=00000004  strb=f  last=1  id=10
[1254370000.0 ps] M_DDR_AXI  WR  addr=4000000c  data=00000008  strb=f  last=1  id=10
[1255330000.0 ps] M_DDR_AXI  WR  addr=40000010  data=00000010  strb=f  last=1  id=10
[1256290000.0 ps] M_DDR_AXI  WR  addr=40000014  data=00000020  strb=f  last=1  id=10
[1257250000.0 ps] M_DDR_AXI  WR  addr=40000018  data=00000040  strb=f  last=1  id=10
[1258210000.0 ps] M_DDR_AXI  WR  addr=4000001c  data=00000080  strb=f  last=1  id=10
[1259170000.0 ps] M_DDR_AXI  WR  addr=40000020  data=00000100  strb=f  last=1  id=10
[1260130000.0 ps] M_DDR_AXI  WR  addr=40000024  data=00000200  strb=f  last=1  id=10
[1261090000.0 ps] M_DDR_AXI  WR  addr=40000028  data=00000400  strb=f  last=1  id=10
[1262050000.0 ps] M_DDR_AXI  WR  addr=4000002c  data=00000800  strb=f  last=1  id=10
[1263010000.0 ps] M_DDR_AXI  WR  addr=40000030  data=00001000  strb=f  last=1  id=10
[1263970000.0 ps] M_DDR_AXI  WR  addr=40000034  data=00002000  strb=f  last=1  id=10
[1264930000.0 ps] M_DDR_AXI  WR  addr=40000038  data=00004000  strb=f  last=1  id=10
[1265890000.0 ps] M_DDR_AXI  WR  addr=4000003c  data=00008000  strb=f  last=1  id=10
[1266850000.0 ps] M_DDR_AXI  WR  addr=40000040  data=00010000  strb=f  last=1  id=10
[1267810000.0 ps] M_DDR_AXI  WR  addr=40000044  data=00020000  strb=f  last=1  id=10
[1268770000.0 ps] M_DDR_AXI  WR  addr=40000048  data=00040000  strb=f  last=1  id=10
[1269730000.0 ps] M_DDR_AXI  WR  addr=4000004c  data=00080000  strb=f  last=1  id=10
[1270690000.0 ps] M_DDR_AXI  WR  addr=40000050  data=00100000  strb=f  last=1  id=10
[1271650000.0 ps] M_DDR_AXI  WR  addr=40000054  data=00200000  strb=f  last=1  id=10
[1272610000.0 ps] M_DDR_AXI  WR  addr=40000058  data=00400000  strb=f  last=1  id=10
[1273570000.0 ps] M_DDR_AXI  WR  addr=4000005c  data=00800000  strb=f  last=1  id=10
[1274530000.0 ps] M_DDR_AXI  WR  addr=40000060  data=01000000  strb=f  last=1  id=10
[1275490000.0 ps] M_DDR_AXI  WR  addr=40000064  data=02000000  strb=f  last=1  id=10
[1276450000.0 ps] M_DDR_AXI  WR  addr=40000068  data=04000000  strb=f  last=1  id=10
[1277410000.0 ps] M_DDR_AXI  WR  addr=4000006c  data=08000000  strb=f  last=1  id=10
[1278370000.0 ps] M_DDR_AXI  WR  addr=40000070  data=10000000  strb=f  last=1  id=10
[1279330000.0 ps] M_DDR_AXI  WR  addr=40000074  data=20000000  strb=f  last=1  id=10
[1280290000.0 ps] M_DDR_AXI  WR  addr=40000078  data=40000000  strb=f  last=1  id=10
[1281250000.0 ps] M_DDR_AXI  WR  addr=4000007c  data=80000000  strb=f  last=1  id=10
[1282550000.0 ps] M_DDR_AXI  RD  addr=40000000  data=00000001  last=1  id=10
[1284110000.0 ps] M_DDR_AXI  RD  addr=40000004  data=00000002  last=1  id=10
[1285670000.0 ps] M_DDR_AXI  RD  addr=40000008  data=00000004  last=1  id=10
[1287230000.0 ps] M_DDR_AXI  RD  addr=4000000c  data=00000008  last=1  id=10
[1288790000.0 ps] M_DDR_AXI  RD  addr=40000010  data=00000010  last=1  id=10
[1290390000.0 ps] M_DDR_AXI  RD  addr=40000014  data=00000020  last=1  id=10
[1291950000.0 ps] M_DDR_AXI  RD  addr=40000018  data=00000040  last=1  id=10
[1293510000.0 ps] M_DDR_AXI  RD  addr=4000001c  data=00000080  last=1  id=10
[1295070000.0 ps] M_DDR_AXI  RD  addr=40000020  data=00000100  last=1  id=10
[1296630000.0 ps] M_DDR_AXI  RD  addr=40000024  data=00000200  last=1  id=10
[1298230000.0 ps] M_DDR_AXI  RD  addr=40000028  data=00000400  last=1  id=10
[1299790000.0 ps] M_DDR_AXI  RD  addr=4000002c  data=00000800  last=1  id=10
[1301350000.0 ps] M_DDR_AXI  RD  addr=40000030  data=00001000  last=1  id=10
[1302910000.0 ps] M_DDR_AXI  RD  addr=40000034  data=00002000  last=1  id=10
[1304470000.0 ps] M_DDR_AXI  RD  addr=40000038  data=00004000  last=1  id=10
[1306070000.0 ps] M_DDR_AXI  RD  addr=4000003c  data=00008000  last=1  id=10
[1307630000.0 ps] M_DDR_AXI  RD  addr=40000040  data=00010000  last=1  id=10
[1309190000.0 ps] M_DDR_AXI  RD  addr=40000044  data=00020000  last=1  id=10
[1310750000.0 ps] M_DDR_AXI  RD  addr=40000048  data=00040000  last=1  id=10
[1312310000.0 ps] M_DDR_AXI  RD  addr=4000004c  data=00080000  last=1  id=10
[1313910000.0 ps] M_DDR_AXI  RD  addr=40000050  data=00100000  last=1  id=10
[1315470000.0 ps] M_DDR_AXI  RD  addr=40000054  data=00200000  last=1  id=10
[1317030000.0 ps] M_DDR_AXI  RD  addr=40000058  data=00400000  last=1  id=10
[1318590000.0 ps] M_DDR_AXI  RD  addr=4000005c  data=00800000  last=1  id=10
[1320150000.0 ps] M_DDR_AXI  RD  addr=40000060  data=01000000  last=1  id=10
[1321750000.0 ps] M_DDR_AXI  RD  addr=40000064  data=02000000  last=1  id=10
[1323310000.0 ps] M_DDR_AXI  RD  addr=40000068  data=04000000  last=1  id=10
[1324870000.0 ps] M_DDR_AXI  RD  addr=4000006c  data=08000000  last=1  id=10
[1326430000.0 ps] M_DDR_AXI  RD  addr=40000070  data=10000000  last=1  id=10
[1327990000.0 ps] M_DDR_AXI  RD  addr=40000074  data=20000000  last=1  id=10
[1329590000.0 ps] M_DDR_AXI  RD  addr=40000078  data=40000000  last=1  id=10
[1331150000.0 ps] M_DDR_AXI  RD  addr=4000007c  data=80000000  last=1  id=10
[1333190000.0 ps] M_DDR_AXI  WR  addr=40000004  data=add00001  strb=f  last=1  id=10
[1333550000.0 ps] M_DDR_AXI  WR  addr=40000008  data=add00002  strb=f  last=1  id=10
[1333910000.0 ps] M_DDR_AXI  WR  addr=40000010  data=add00004  strb=f  last=1  id=10
[1334270000.0 ps] M_DDR_AXI  WR  addr=40000020  data=add00008  strb=f  last=1  id=10
[1334630000.0 ps] M_DDR_AXI  WR  addr=40000040  data=add00010  strb=f  last=1  id=10
[1334990000.0 ps] M_DDR_AXI  WR  addr=40000080  data=add00020  strb=f  last=1  id=10
[1335350000.0 ps] M_DDR_AXI  WR  addr=40000100  data=add00040  strb=f  last=1  id=10
[1335710000.0 ps] M_DDR_AXI  WR  addr=40000200  data=add00080  strb=f  last=1  id=10
[1336510000.0 ps] M_DDR_AXI  RD  addr=40000004  data=add00001  last=1  id=10
[1338650000.0 ps] M_DDR_AXI  RD  addr=40000008  data=add00002  last=1  id=10
[1340730000.0 ps] M_DDR_AXI  RD  addr=40000010  data=add00004  last=1  id=10
[1342810000.0 ps] M_DDR_AXI  RD  addr=40000020  data=add00008  last=1  id=10
[1345110000.0 ps] M_DDR_AXI  RD  addr=40000040  data=add00010  last=1  id=10
[1347190000.0 ps] M_DDR_AXI  RD  addr=40000080  data=add00020  last=1  id=10
[1349270000.0 ps] M_DDR_AXI  RD  addr=40000100  data=add00040  last=1  id=10
[1351350000.0 ps] M_DDR_AXI  RD  addr=40000200  data=add00080  last=1  id=10
[1352790000.0 ps] M_DDR_AXI  WR  addr=40000000  data=00001000  strb=f  last=1  id=10
[1353570000.0 ps] M_DDR_AXI  WR  addr=40000004  data=00001001  strb=f  last=1  id=10
[1354530000.0 ps] M_DDR_AXI  WR  addr=40000008  data=00001002  strb=f  last=1  id=10
[1355490000.0 ps] M_DDR_AXI  WR  addr=4000000c  data=00001003  strb=f  last=1  id=10
[1356450000.0 ps] M_DDR_AXI  WR  addr=40000010  data=00001004  strb=f  last=1  id=10
[1357410000.0 ps] M_DDR_AXI  WR  addr=40000014  data=00001005  strb=f  last=1  id=10
[1358370000.0 ps] M_DDR_AXI  WR  addr=40000018  data=00001006  strb=f  last=1  id=10
[1359330000.0 ps] M_DDR_AXI  WR  addr=4000001c  data=00001007  strb=f  last=1  id=10
[1360290000.0 ps] M_DDR_AXI  WR  addr=40000020  data=00001008  strb=f  last=1  id=10
[1361250000.0 ps] M_DDR_AXI  WR  addr=40000024  data=00001009  strb=f  last=1  id=10
[1362210000.0 ps] M_DDR_AXI  WR  addr=40000028  data=0000100a  strb=f  last=1  id=10
[1363170000.0 ps] M_DDR_AXI  WR  addr=4000002c  data=0000100b  strb=f  last=1  id=10
[1364130000.0 ps] M_DDR_AXI  WR  addr=40000030  data=0000100c  strb=f  last=1  id=10
[1365090000.0 ps] M_DDR_AXI  WR  addr=40000034  data=0000100d  strb=f  last=1  id=10
[1366050000.0 ps] M_DDR_AXI  WR  addr=40000038  data=0000100e  strb=f  last=1  id=10
[1367010000.0 ps] M_DDR_AXI  WR  addr=4000003c  data=0000100f  strb=f  last=1  id=10
[1368170000.0 ps] M_DDR_AXI  RD  addr=40000000  data=00001000  last=1  id=10
[1369770000.0 ps] M_DDR_AXI  RD  addr=40000004  data=00001001  last=1  id=10
[1371310000.0 ps] M_DDR_AXI  RD  addr=40000008  data=00001002  last=1  id=10
[1372850000.0 ps] M_DDR_AXI  RD  addr=4000000c  data=00001003  last=1  id=10
[1374390000.0 ps] M_DDR_AXI  RD  addr=40000010  data=00001004  last=1  id=10
[1375930000.0 ps] M_DDR_AXI  RD  addr=40000014  data=00001005  last=1  id=10
[1377510000.0 ps] M_DDR_AXI  RD  addr=40000018  data=00001006  last=1  id=10
[1379050000.0 ps] M_DDR_AXI  RD  addr=4000001c  data=00001007  last=1  id=10
[1380590000.0 ps] M_DDR_AXI  RD  addr=40000020  data=00001008  last=1  id=10
[1382130000.0 ps] M_DDR_AXI  RD  addr=40000024  data=00001009  last=1  id=10
[1383670000.0 ps] M_DDR_AXI  RD  addr=40000028  data=0000100a  last=1  id=10
[1385250000.0 ps] M_DDR_AXI  RD  addr=4000002c  data=0000100b  last=1  id=10
[1386790000.0 ps] M_DDR_AXI  RD  addr=40000030  data=0000100c  last=1  id=10
[1388330000.0 ps] M_DDR_AXI  RD  addr=40000034  data=0000100d  last=1  id=10
[1389870000.0 ps] M_DDR_AXI  RD  addr=40000038  data=0000100e  last=1  id=10
[1391410000.0 ps] M_DDR_AXI  RD  addr=4000003c  data=0000100f  last=1  id=10
[1392770000.0 ps] M_DDR_AXI  WR  addr=40000000  data=00000000  strb=f  last=1  id=10
[1393530000.0 ps] M_DDR_AXI  WR  addr=40000004  data=00000000  strb=f  last=1  id=10
[1394490000.0 ps] M_DDR_AXI  WR  addr=40000008  data=00000000  strb=f  last=1  id=10
[1395450000.0 ps] M_DDR_AXI  WR  addr=4000000c  data=00000000  strb=f  last=1  id=10
[1396410000.0 ps] M_DDR_AXI  WR  addr=40000010  data=00000000  strb=f  last=1  id=10
[1397370000.0 ps] M_DDR_AXI  WR  addr=40000014  data=00000000  strb=f  last=1  id=10
[1398330000.0 ps] M_DDR_AXI  WR  addr=40000018  data=00000000  strb=f  last=1  id=10
[1399290000.0 ps] M_DDR_AXI  WR  addr=4000001c  data=00000000  strb=f  last=1  id=10
[1400250000.0 ps] M_DDR_AXI  WR  addr=40000020  data=00000000  strb=f  last=1  id=10
[1401210000.0 ps] M_DDR_AXI  WR  addr=40000024  data=00000000  strb=f  last=1  id=10
[1402170000.0 ps] M_DDR_AXI  WR  addr=40000028  data=00000000  strb=f  last=1  id=10
[1403130000.0 ps] M_DDR_AXI  WR  addr=4000002c  data=00000000  strb=f  last=1  id=10
[1404090000.0 ps] M_DDR_AXI  WR  addr=40000030  data=00000000  strb=f  last=1  id=10
[1405050000.0 ps] M_DDR_AXI  WR  addr=40000034  data=00000000  strb=f  last=1  id=10
[1406010000.0 ps] M_DDR_AXI  WR  addr=40000038  data=00000000  strb=f  last=1  id=10
[1406970000.0 ps] M_DDR_AXI  WR  addr=4000003c  data=00000000  strb=f  last=1  id=10
[1408030000.0 ps] M_DDR_AXI  WR  addr=40000040  data=00000000  strb=f  last=1  id=10
[1408990000.0 ps] M_DDR_AXI  WR  addr=40000044  data=00000000  strb=f  last=1  id=10
[1409950000.0 ps] M_DDR_AXI  WR  addr=40000048  data=00000000  strb=f  last=1  id=10
[1410910000.0 ps] M_DDR_AXI  WR  addr=4000004c  data=00000000  strb=f  last=1  id=10
[1411870000.0 ps] M_DDR_AXI  WR  addr=40000050  data=00000000  strb=f  last=1  id=10
[1412830000.0 ps] M_DDR_AXI  WR  addr=40000054  data=00000000  strb=f  last=1  id=10
[1413790000.0 ps] M_DDR_AXI  WR  addr=40000058  data=00000000  strb=f  last=1  id=10
[1414750000.0 ps] M_DDR_AXI  WR  addr=4000005c  data=00000000  strb=f  last=1  id=10
[1415710000.0 ps] M_DDR_AXI  WR  addr=40000060  data=00000000  strb=f  last=1  id=10
[1416670000.0 ps] M_DDR_AXI  WR  addr=40000064  data=00000000  strb=f  last=1  id=10
[1417630000.0 ps] M_DDR_AXI  WR  addr=40000068  data=00000000  strb=f  last=1  id=10
[1418590000.0 ps] M_DDR_AXI  WR  addr=4000006c  data=00000000  strb=f  last=1  id=10
[1419550000.0 ps] M_DDR_AXI  WR  addr=40000070  data=00000000  strb=f  last=1  id=10
[1420510000.0 ps] M_DDR_AXI  WR  addr=40000074  data=00000000  strb=f  last=1  id=10
[1421470000.0 ps] M_DDR_AXI  WR  addr=40000078  data=00000000  strb=f  last=1  id=10
[1422430000.0 ps] M_DDR_AXI  WR  addr=4000007c  data=00000000  strb=f  last=1  id=10
[1423390000.0 ps] M_DDR_AXI  WR  addr=40000080  data=00000000  strb=f  last=1  id=10
[1424350000.0 ps] M_DDR_AXI  WR  addr=40000084  data=00000000  strb=f  last=1  id=10
[1425310000.0 ps] M_DDR_AXI  WR  addr=40000088  data=00000000  strb=f  last=1  id=10
[1426270000.0 ps] M_DDR_AXI  WR  addr=4000008c  data=00000000  strb=f  last=1  id=10
[1427230000.0 ps] M_DDR_AXI  WR  addr=40000090  data=00000000  strb=f  last=1  id=10
[1428190000.0 ps] M_DDR_AXI  WR  addr=40000094  data=00000000  strb=f  last=1  id=10
[1429150000.0 ps] M_DDR_AXI  WR  addr=40000098  data=00000000  strb=f  last=1  id=10
[1430110000.0 ps] M_DDR_AXI  WR  addr=4000009c  data=00000000  strb=f  last=1  id=10
[1431070000.0 ps] M_DDR_AXI  WR  addr=400000a0  data=00000000  strb=f  last=1  id=10
[1432030000.0 ps] M_DDR_AXI  WR  addr=400000a4  data=00000000  strb=f  last=1  id=10
[1432990000.0 ps] M_DDR_AXI  WR  addr=400000a8  data=00000000  strb=f  last=1  id=10
[1433950000.0 ps] M_DDR_AXI  WR  addr=400000ac  data=00000000  strb=f  last=1  id=10
[1434910000.0 ps] M_DDR_AXI  WR  addr=400000b0  data=00000000  strb=f  last=1  id=10
[1435870000.0 ps] M_DDR_AXI  WR  addr=400000b4  data=00000000  strb=f  last=1  id=10
[1436830000.0 ps] M_DDR_AXI  WR  addr=400000b8  data=00000000  strb=f  last=1  id=10
[1437790000.0 ps] M_DDR_AXI  WR  addr=400000bc  data=00000000  strb=f  last=1  id=10
[1438750000.0 ps] M_DDR_AXI  WR  addr=400000c0  data=00000000  strb=f  last=1  id=10
[1439710000.0 ps] M_DDR_AXI  WR  addr=400000c4  data=00000000  strb=f  last=1  id=10
[1440670000.0 ps] M_DDR_AXI  WR  addr=400000c8  data=00000000  strb=f  last=1  id=10
[1441630000.0 ps] M_DDR_AXI  WR  addr=400000cc  data=00000000  strb=f  last=1  id=10
[1442590000.0 ps] M_DDR_AXI  WR  addr=400000d0  data=00000000  strb=f  last=1  id=10
[1443550000.0 ps] M_DDR_AXI  WR  addr=400000d4  data=00000000  strb=f  last=1  id=10
[1444510000.0 ps] M_DDR_AXI  WR  addr=400000d8  data=00000000  strb=f  last=1  id=10
[1445470000.0 ps] M_DDR_AXI  WR  addr=400000dc  data=00000000  strb=f  last=1  id=10
[1446430000.0 ps] M_DDR_AXI  WR  addr=400000e0  data=00000000  strb=f  last=1  id=10
[1447390000.0 ps] M_DDR_AXI  WR  addr=400000e4  data=00000000  strb=f  last=1  id=10
[1448350000.0 ps] M_DDR_AXI  WR  addr=400000e8  data=00000000  strb=f  last=1  id=10
[1449310000.0 ps] M_DDR_AXI  WR  addr=400000ec  data=00000000  strb=f  last=1  id=10
[1450270000.0 ps] M_DDR_AXI  WR  addr=400000f0  data=00000000  strb=f  last=1  id=10
[1451230000.0 ps] M_DDR_AXI  WR  addr=400000f4  data=00000000  strb=f  last=1  id=10
[1452190000.0 ps] M_DDR_AXI  WR  addr=400000f8  data=00000000  strb=f  last=1  id=10
[1453150000.0 ps] M_DDR_AXI  WR  addr=400000fc  data=00000000  strb=f  last=1  id=10
[1453870000.0 ps] M_DDR_AXI  RD  addr=40000000  data=00000000  last=1  id=10
[1455470000.0 ps] M_DDR_AXI  RD  addr=40000004  data=00000000  last=1  id=10
[1457010000.0 ps] M_DDR_AXI  RD  addr=40000008  data=00000000  last=1  id=10
[1458550000.0 ps] M_DDR_AXI  RD  addr=4000000c  data=00000000  last=1  id=10
[1460090000.0 ps] M_DDR_AXI  RD  addr=40000010  data=00000000  last=1  id=10
[1461630000.0 ps] M_DDR_AXI  RD  addr=40000014  data=00000000  last=1  id=10
[1463210000.0 ps] M_DDR_AXI  RD  addr=40000018  data=00000000  last=1  id=10
[1464750000.0 ps] M_DDR_AXI  RD  addr=4000001c  data=00000000  last=1  id=10
[1466290000.0 ps] M_DDR_AXI  RD  addr=40000020  data=00000000  last=1  id=10
[1467830000.0 ps] M_DDR_AXI  RD  addr=40000024  data=00000000  last=1  id=10
[1469370000.0 ps] M_DDR_AXI  RD  addr=40000028  data=00000000  last=1  id=10
[1470950000.0 ps] M_DDR_AXI  RD  addr=4000002c  data=00000000  last=1  id=10
[1472490000.0 ps] M_DDR_AXI  RD  addr=40000030  data=00000000  last=1  id=10
[1474030000.0 ps] M_DDR_AXI  RD  addr=40000034  data=00000000  last=1  id=10
[1475570000.0 ps] M_DDR_AXI  RD  addr=40000038  data=00000000  last=1  id=10
[1477110000.0 ps] M_DDR_AXI  RD  addr=4000003c  data=00000000  last=1  id=10
[1478690000.0 ps] M_DDR_AXI  RD  addr=40000040  data=00000000  last=1  id=10
[1480230000.0 ps] M_DDR_AXI  RD  addr=40000044  data=00000000  last=1  id=10
[1481770000.0 ps] M_DDR_AXI  RD  addr=40000048  data=00000000  last=1  id=10
[1483310000.0 ps] M_DDR_AXI  RD  addr=4000004c  data=00000000  last=1  id=10
[1484850000.0 ps] M_DDR_AXI  RD  addr=40000050  data=00000000  last=1  id=10
[1486430000.0 ps] M_DDR_AXI  RD  addr=40000054  data=00000000  last=1  id=10
[1487970000.0 ps] M_DDR_AXI  RD  addr=40000058  data=00000000  last=1  id=10
[1489510000.0 ps] M_DDR_AXI  RD  addr=4000005c  data=00000000  last=1  id=10
[1491050000.0 ps] M_DDR_AXI  RD  addr=40000060  data=00000000  last=1  id=10
[1492590000.0 ps] M_DDR_AXI  RD  addr=40000064  data=00000000  last=1  id=10
[1494170000.0 ps] M_DDR_AXI  RD  addr=40000068  data=00000000  last=1  id=10
[1495710000.0 ps] M_DDR_AXI  RD  addr=4000006c  data=00000000  last=1  id=10
[1497250000.0 ps] M_DDR_AXI  RD  addr=40000070  data=00000000  last=1  id=10
[1498790000.0 ps] M_DDR_AXI  RD  addr=40000074  data=00000000  last=1  id=10
[1500330000.0 ps] M_DDR_AXI  RD  addr=40000078  data=00000000  last=1  id=10
[1501910000.0 ps] M_DDR_AXI  RD  addr=4000007c  data=00000000  last=1  id=10
[1503450000.0 ps] M_DDR_AXI  RD  addr=40000080  data=00000000  last=1  id=10
[1504990000.0 ps] M_DDR_AXI  RD  addr=40000084  data=00000000  last=1  id=10
[1506530000.0 ps] M_DDR_AXI  RD  addr=40000088  data=00000000  last=1  id=10
[1508070000.0 ps] M_DDR_AXI  RD  addr=4000008c  data=00000000  last=1  id=10
[1509650000.0 ps] M_DDR_AXI  RD  addr=40000090  data=00000000  last=1  id=10
[1511190000.0 ps] M_DDR_AXI  RD  addr=40000094  data=00000000  last=1  id=10
[1512730000.0 ps] M_DDR_AXI  RD  addr=40000098  data=00000000  last=1  id=10
[1514270000.0 ps] M_DDR_AXI  RD  addr=4000009c  data=00000000  last=1  id=10
[1515810000.0 ps] M_DDR_AXI  RD  addr=400000a0  data=00000000  last=1  id=10
[1517390000.0 ps] M_DDR_AXI  RD  addr=400000a4  data=00000000  last=1  id=10
[1518930000.0 ps] M_DDR_AXI  RD  addr=400000a8  data=00000000  last=1  id=10
[1520470000.0 ps] M_DDR_AXI  RD  addr=400000ac  data=00000000  last=1  id=10
[1522010000.0 ps] M_DDR_AXI  RD  addr=400000b0  data=00000000  last=1  id=10
[1523550000.0 ps] M_DDR_AXI  RD  addr=400000b4  data=00000000  last=1  id=10
[1525130000.0 ps] M_DDR_AXI  RD  addr=400000b8  data=00000000  last=1  id=10
[1526670000.0 ps] M_DDR_AXI  RD  addr=400000bc  data=00000000  last=1  id=10
[1528210000.0 ps] M_DDR_AXI  RD  addr=400000c0  data=00000000  last=1  id=10
[1529750000.0 ps] M_DDR_AXI  RD  addr=400000c4  data=00000000  last=1  id=10
[1531290000.0 ps] M_DDR_AXI  RD  addr=400000c8  data=00000000  last=1  id=10
[1532870000.0 ps] M_DDR_AXI  RD  addr=400000cc  data=00000000  last=1  id=10
[1534410000.0 ps] M_DDR_AXI  RD  addr=400000d0  data=00000000  last=1  id=10
[1535950000.0 ps] M_DDR_AXI  RD  addr=400000d4  data=00000000  last=1  id=10
[1537490000.0 ps] M_DDR_AXI  RD  addr=400000d8  data=00000000  last=1  id=10
[1539030000.0 ps] M_DDR_AXI  RD  addr=400000dc  data=00000000  last=1  id=10
[1540610000.0 ps] M_DDR_AXI  RD  addr=400000e0  data=00000000  last=1  id=10
[1542150000.0 ps] M_DDR_AXI  RD  addr=400000e4  data=00000000  last=1  id=10
[1543690000.0 ps] M_DDR_AXI  RD  addr=400000e8  data=00000000  last=1  id=10
[1545230000.0 ps] M_DDR_AXI  RD  addr=400000ec  data=00000000  last=1  id=10
[1546770000.0 ps] M_DDR_AXI  RD  addr=400000f0  data=00000000  last=1  id=10
[1548430000.0 ps] M_DDR_AXI  RD  addr=400000f4  data=00000000  last=1  id=10
[1549970000.0 ps] M_DDR_AXI  RD  addr=400000f8  data=00000000  last=1  id=10
[1551510000.0 ps] M_DDR_AXI  RD  addr=400000fc  data=00000000  last=1  id=10
[1552870000.0 ps] M_DDR_AXI  WR  addr=40000000  data=ffffffff  strb=f  last=1  id=10
[1553590000.0 ps] M_DDR_AXI  WR  addr=40000004  data=ffffffff  strb=f  last=1  id=10
[1554550000.0 ps] M_DDR_AXI  WR  addr=40000008  data=ffffffff  strb=f  last=1  id=10
[1555510000.0 ps] M_DDR_AXI  WR  addr=4000000c  data=ffffffff  strb=f  last=1  id=10
[1556470000.0 ps] M_DDR_AXI  WR  addr=40000010  data=ffffffff  strb=f  last=1  id=10
[1557430000.0 ps] M_DDR_AXI  WR  addr=40000014  data=ffffffff  strb=f  last=1  id=10
[1558390000.0 ps] M_DDR_AXI  WR  addr=40000018  data=ffffffff  strb=f  last=1  id=10
[1559350000.0 ps] M_DDR_AXI  WR  addr=4000001c  data=ffffffff  strb=f  last=1  id=10
[1560310000.0 ps] M_DDR_AXI  WR  addr=40000020  data=ffffffff  strb=f  last=1  id=10
[1561270000.0 ps] M_DDR_AXI  WR  addr=40000024  data=ffffffff  strb=f  last=1  id=10
[1562230000.0 ps] M_DDR_AXI  WR  addr=40000028  data=ffffffff  strb=f  last=1  id=10
[1563190000.0 ps] M_DDR_AXI  WR  addr=4000002c  data=ffffffff  strb=f  last=1  id=10
[1564150000.0 ps] M_DDR_AXI  WR  addr=40000030  data=ffffffff  strb=f  last=1  id=10
[1565110000.0 ps] M_DDR_AXI  WR  addr=40000034  data=ffffffff  strb=f  last=1  id=10
[1566070000.0 ps] M_DDR_AXI  WR  addr=40000038  data=ffffffff  strb=f  last=1  id=10
[1567030000.0 ps] M_DDR_AXI  WR  addr=4000003c  data=ffffffff  strb=f  last=1  id=10
[1567990000.0 ps] M_DDR_AXI  WR  addr=40000040  data=ffffffff  strb=f  last=1  id=10
[1568950000.0 ps] M_DDR_AXI  WR  addr=40000044  data=ffffffff  strb=f  last=1  id=10
[1569910000.0 ps] M_DDR_AXI  WR  addr=40000048  data=ffffffff  strb=f  last=1  id=10
[1570870000.0 ps] M_DDR_AXI  WR  addr=4000004c  data=ffffffff  strb=f  last=1  id=10
[1571830000.0 ps] M_DDR_AXI  WR  addr=40000050  data=ffffffff  strb=f  last=1  id=10
[1572790000.0 ps] M_DDR_AXI  WR  addr=40000054  data=ffffffff  strb=f  last=1  id=10
[1573750000.0 ps] M_DDR_AXI  WR  addr=40000058  data=ffffffff  strb=f  last=1  id=10
[1574710000.0 ps] M_DDR_AXI  WR  addr=4000005c  data=ffffffff  strb=f  last=1  id=10
[1575670000.0 ps] M_DDR_AXI  WR  addr=40000060  data=ffffffff  strb=f  last=1  id=10
[1576630000.0 ps] M_DDR_AXI  WR  addr=40000064  data=ffffffff  strb=f  last=1  id=10
[1577590000.0 ps] M_DDR_AXI  WR  addr=40000068  data=ffffffff  strb=f  last=1  id=10
[1578550000.0 ps] M_DDR_AXI  WR  addr=4000006c  data=ffffffff  strb=f  last=1  id=10
[1579510000.0 ps] M_DDR_AXI  WR  addr=40000070  data=ffffffff  strb=f  last=1  id=10
[1580470000.0 ps] M_DDR_AXI  WR  addr=40000074  data=ffffffff  strb=f  last=1  id=10
[1581430000.0 ps] M_DDR_AXI  WR  addr=40000078  data=ffffffff  strb=f  last=1  id=10
[1582390000.0 ps] M_DDR_AXI  WR  addr=4000007c  data=ffffffff  strb=f  last=1  id=10
[1583350000.0 ps] M_DDR_AXI  WR  addr=40000080  data=ffffffff  strb=f  last=1  id=10
[1584310000.0 ps] M_DDR_AXI  WR  addr=40000084  data=ffffffff  strb=f  last=1  id=10
[1585270000.0 ps] M_DDR_AXI  WR  addr=40000088  data=ffffffff  strb=f  last=1  id=10
[1586230000.0 ps] M_DDR_AXI  WR  addr=4000008c  data=ffffffff  strb=f  last=1  id=10
[1587190000.0 ps] M_DDR_AXI  WR  addr=40000090  data=ffffffff  strb=f  last=1  id=10
[1588150000.0 ps] M_DDR_AXI  WR  addr=40000094  data=ffffffff  strb=f  last=1  id=10
[1589110000.0 ps] M_DDR_AXI  WR  addr=40000098  data=ffffffff  strb=f  last=1  id=10
[1590070000.0 ps] M_DDR_AXI  WR  addr=4000009c  data=ffffffff  strb=f  last=1  id=10
[1591030000.0 ps] M_DDR_AXI  WR  addr=400000a0  data=ffffffff  strb=f  last=1  id=10
[1591990000.0 ps] M_DDR_AXI  WR  addr=400000a4  data=ffffffff  strb=f  last=1  id=10
[1592950000.0 ps] M_DDR_AXI  WR  addr=400000a8  data=ffffffff  strb=f  last=1  id=10
[1593910000.0 ps] M_DDR_AXI  WR  addr=400000ac  data=ffffffff  strb=f  last=1  id=10
[1594870000.0 ps] M_DDR_AXI  WR  addr=400000b0  data=ffffffff  strb=f  last=1  id=10
[1595830000.0 ps] M_DDR_AXI  WR  addr=400000b4  data=ffffffff  strb=f  last=1  id=10
[1596790000.0 ps] M_DDR_AXI  WR  addr=400000b8  data=ffffffff  strb=f  last=1  id=10
[1597750000.0 ps] M_DDR_AXI  WR  addr=400000bc  data=ffffffff  strb=f  last=1  id=10
[1598710000.0 ps] M_DDR_AXI  WR  addr=400000c0  data=ffffffff  strb=f  last=1  id=10
[1599670000.0 ps] M_DDR_AXI  WR  addr=400000c4  data=ffffffff  strb=f  last=1  id=10
[1600630000.0 ps] M_DDR_AXI  WR  addr=400000c8  data=ffffffff  strb=f  last=1  id=10
[1601590000.0 ps] M_DDR_AXI  WR  addr=400000cc  data=ffffffff  strb=f  last=1  id=10
[1602550000.0 ps] M_DDR_AXI  WR  addr=400000d0  data=ffffffff  strb=f  last=1  id=10
[1603530000.0 ps] M_DDR_AXI  WR  addr=400000d4  data=ffffffff  strb=f  last=1  id=10
[1604490000.0 ps] M_DDR_AXI  WR  addr=400000d8  data=ffffffff  strb=f  last=1  id=10
[1605450000.0 ps] M_DDR_AXI  WR  addr=400000dc  data=ffffffff  strb=f  last=1  id=10
[1606410000.0 ps] M_DDR_AXI  WR  addr=400000e0  data=ffffffff  strb=f  last=1  id=10
[1607370000.0 ps] M_DDR_AXI  WR  addr=400000e4  data=ffffffff  strb=f  last=1  id=10
[1608330000.0 ps] M_DDR_AXI  WR  addr=400000e8  data=ffffffff  strb=f  last=1  id=10
[1609290000.0 ps] M_DDR_AXI  WR  addr=400000ec  data=ffffffff  strb=f  last=1  id=10
[1610250000.0 ps] M_DDR_AXI  WR  addr=400000f0  data=ffffffff  strb=f  last=1  id=10
[1611210000.0 ps] M_DDR_AXI  WR  addr=400000f4  data=ffffffff  strb=f  last=1  id=10
[1612170000.0 ps] M_DDR_AXI  WR  addr=400000f8  data=ffffffff  strb=f  last=1  id=10
[1613130000.0 ps] M_DDR_AXI  WR  addr=400000fc  data=ffffffff  strb=f  last=1  id=10
[1613830000.0 ps] M_DDR_AXI  RD  addr=40000000  data=ffffffff  last=1  id=10
[1615390000.0 ps] M_DDR_AXI  RD  addr=40000004  data=ffffffff  last=1  id=10
[1616930000.0 ps] M_DDR_AXI  RD  addr=40000008  data=ffffffff  last=1  id=10
[1618810000.0 ps] M_DDR_AXI  RD  addr=4000000c  data=ffffffff  last=1  id=10
[1620350000.0 ps] M_DDR_AXI  RD  addr=40000010  data=ffffffff  last=1  id=10
[1621890000.0 ps] M_DDR_AXI  RD  addr=40000014  data=ffffffff  last=1  id=10
[1623430000.0 ps] M_DDR_AXI  RD  addr=40000018  data=ffffffff  last=1  id=10
[1624970000.0 ps] M_DDR_AXI  RD  addr=4000001c  data=ffffffff  last=1  id=10
[1626630000.0 ps] M_DDR_AXI  RD  addr=40000020  data=ffffffff  last=1  id=10
[1628170000.0 ps] M_DDR_AXI  RD  addr=40000024  data=ffffffff  last=1  id=10
[1629710000.0 ps] M_DDR_AXI  RD  addr=40000028  data=ffffffff  last=1  id=10
[1631250000.0 ps] M_DDR_AXI  RD  addr=4000002c  data=ffffffff  last=1  id=10
[1632790000.0 ps] M_DDR_AXI  RD  addr=40000030  data=ffffffff  last=1  id=10
[1634450000.0 ps] M_DDR_AXI  RD  addr=40000034  data=ffffffff  last=1  id=10
[1635990000.0 ps] M_DDR_AXI  RD  addr=40000038  data=ffffffff  last=1  id=10
[1637530000.0 ps] M_DDR_AXI  RD  addr=4000003c  data=ffffffff  last=1  id=10
[1639070000.0 ps] M_DDR_AXI  RD  addr=40000040  data=ffffffff  last=1  id=10
[1640610000.0 ps] M_DDR_AXI  RD  addr=40000044  data=ffffffff  last=1  id=10
[1642270000.0 ps] M_DDR_AXI  RD  addr=40000048  data=ffffffff  last=1  id=10
[1643810000.0 ps] M_DDR_AXI  RD  addr=4000004c  data=ffffffff  last=1  id=10
[1645350000.0 ps] M_DDR_AXI  RD  addr=40000050  data=ffffffff  last=1  id=10
[1646890000.0 ps] M_DDR_AXI  RD  addr=40000054  data=ffffffff  last=1  id=10
[1648430000.0 ps] M_DDR_AXI  RD  addr=40000058  data=ffffffff  last=1  id=10
[1650090000.0 ps] M_DDR_AXI  RD  addr=4000005c  data=ffffffff  last=1  id=10
[1651630000.0 ps] M_DDR_AXI  RD  addr=40000060  data=ffffffff  last=1  id=10
[1653170000.0 ps] M_DDR_AXI  RD  addr=40000064  data=ffffffff  last=1  id=10
[1654710000.0 ps] M_DDR_AXI  RD  addr=40000068  data=ffffffff  last=1  id=10
[1656250000.0 ps] M_DDR_AXI  RD  addr=4000006c  data=ffffffff  last=1  id=10
[1657910000.0 ps] M_DDR_AXI  RD  addr=40000070  data=ffffffff  last=1  id=10
[1659450000.0 ps] M_DDR_AXI  RD  addr=40000074  data=ffffffff  last=1  id=10
[1660990000.0 ps] M_DDR_AXI  RD  addr=40000078  data=ffffffff  last=1  id=10
[1662530000.0 ps] M_DDR_AXI  RD  addr=4000007c  data=ffffffff  last=1  id=10
[1664070000.0 ps] M_DDR_AXI  RD  addr=40000080  data=ffffffff  last=1  id=10
[1665730000.0 ps] M_DDR_AXI  RD  addr=40000084  data=ffffffff  last=1  id=10
[1667270000.0 ps] M_DDR_AXI  RD  addr=40000088  data=ffffffff  last=1  id=10
[1668810000.0 ps] M_DDR_AXI  RD  addr=4000008c  data=ffffffff  last=1  id=10
[1670350000.0 ps] M_DDR_AXI  RD  addr=40000090  data=ffffffff  last=1  id=10
[1671890000.0 ps] M_DDR_AXI  RD  addr=40000094  data=ffffffff  last=1  id=10
[1673550000.0 ps] M_DDR_AXI  RD  addr=40000098  data=ffffffff  last=1  id=10
[1675090000.0 ps] M_DDR_AXI  RD  addr=4000009c  data=ffffffff  last=1  id=10
[1676630000.0 ps] M_DDR_AXI  RD  addr=400000a0  data=ffffffff  last=1  id=10
[1678170000.0 ps] M_DDR_AXI  RD  addr=400000a4  data=ffffffff  last=1  id=10
[1679710000.0 ps] M_DDR_AXI  RD  addr=400000a8  data=ffffffff  last=1  id=10
[1681370000.0 ps] M_DDR_AXI  RD  addr=400000ac  data=ffffffff  last=1  id=10
[1682910000.0 ps] M_DDR_AXI  RD  addr=400000b0  data=ffffffff  last=1  id=10
[1684450000.0 ps] M_DDR_AXI  RD  addr=400000b4  data=ffffffff  last=1  id=10
[1685990000.0 ps] M_DDR_AXI  RD  addr=400000b8  data=ffffffff  last=1  id=10
[1687530000.0 ps] M_DDR_AXI  RD  addr=400000bc  data=ffffffff  last=1  id=10
[1689190000.0 ps] M_DDR_AXI  RD  addr=400000c0  data=ffffffff  last=1  id=10
[1690730000.0 ps] M_DDR_AXI  RD  addr=400000c4  data=ffffffff  last=1  id=10
[1692270000.0 ps] M_DDR_AXI  RD  addr=400000c8  data=ffffffff  last=1  id=10
[1693810000.0 ps] M_DDR_AXI  RD  addr=400000cc  data=ffffffff  last=1  id=10
[1695350000.0 ps] M_DDR_AXI  RD  addr=400000d0  data=ffffffff  last=1  id=10
[1697010000.0 ps] M_DDR_AXI  RD  addr=400000d4  data=ffffffff  last=1  id=10
[1698550000.0 ps] M_DDR_AXI  RD  addr=400000d8  data=ffffffff  last=1  id=10
[1700090000.0 ps] M_DDR_AXI  RD  addr=400000dc  data=ffffffff  last=1  id=10
[1701630000.0 ps] M_DDR_AXI  RD  addr=400000e0  data=ffffffff  last=1  id=10
[1703170000.0 ps] M_DDR_AXI  RD  addr=400000e4  data=ffffffff  last=1  id=10
[1704830000.0 ps] M_DDR_AXI  RD  addr=400000e8  data=ffffffff  last=1  id=10
[1706370000.0 ps] M_DDR_AXI  RD  addr=400000ec  data=ffffffff  last=1  id=10
[1707910000.0 ps] M_DDR_AXI  RD  addr=400000f0  data=ffffffff  last=1  id=10
[1709450000.0 ps] M_DDR_AXI  RD  addr=400000f4  data=ffffffff  last=1  id=10
[1710990000.0 ps] M_DDR_AXI  RD  addr=400000f8  data=ffffffff  last=1  id=10
[1712650000.0 ps] M_DDR_AXI  RD  addr=400000fc  data=ffffffff  last=1  id=10
Time 1715210000.0 ps: LED write, value = 0xa5
$finish called from file "../test_arm/tbench_top.v", line 49.
$finish at simulation time           2000000000
           V C S   S i m u l a t i o n   R e p o r t 
Time: 2000000000 ps
CPU Time:     48.520 seconds;       Data structure size:   2.6Mb
Sat Sep 19 15:57:57 2026
