#######################################################################################
# log primitive debug message of FSDB dumping                                         #
# This is for R&D to analyze when there are issues happening when FSDB dump           #
#######################################################################################
ANF: vcsd_get_serial_mode_status('./simv: undefined symbol: vcsd_get_serial_mode_status')
ANF: vcsd_enable_sva_success_callback('./simv: undefined symbol: vcsd_enable_sva_success_callback')
ANF: vcsd_disable_sva_success_callback('./simv: undefined symbol: vcsd_disable_sva_success_callback')
ANF: vcsd_get_thread_id('./simv: undefined symbol: vcsd_get_thread_id')
ANF: vcsd_get_power_scope_name('./simv: undefined symbol: vcsd_get_power_scope_name')
ANF: vcsd_begin_no_value_var_info('./simv: undefined symbol: vcsd_begin_no_value_var_info')
ANF: vcsd_end_no_value_var_info('./simv: undefined symbol: vcsd_end_no_value_var_info')
ANF: vcsd_remove_xprop_merge_mode_callback('./simv: undefined symbol: vcsd_remove_xprop_merge_mode_callback')
ANF: vcsd_node_check_native_callback('./simv: undefined symbol: vcsd_node_check_native_callback')
ANF: vcsd_node_add_native_callback('./simv: undefined symbol: vcsd_node_add_native_callback')
ANF: vcsdIsNativeVc('./simv: undefined symbol: vcsdIsNativeVc')
ANF: vhpi_free_handle('./simv: undefined symbol: vhpi_free_handle')
ANF: msvEnableDumpingMode('./simv: undefined symbol: msvEnableDumpingMode')
ANF: msvGetVersion('./simv: undefined symbol: msvGetVersion')
ANF: msvGetInstProp('./simv: undefined symbol: msvGetInstProp')
ANF: msvIsSpiceEngineReady('./simv: undefined symbol: msvIsSpiceEngineReady')
ANF: msvSetAddProbeCallback('./simv: undefined symbol: msvSetAddProbeCallback')
ANF: msvGetInstHandle('./simv: undefined symbol: msvGetInstHandle')
ANF: msvGetProbeByInst('./simv: undefined symbol: msvGetProbeByInst')
ANF: msvGetSigHandle('./simv: undefined symbol: msvGetSigHandle')
ANF: msvGetProbeBySig('./simv: undefined symbol: msvGetProbeBySig')
ANF: msvGetProbeInfo('./simv: undefined symbol: msvGetProbeInfo')
ANF: msvRelease('./simv: undefined symbol: msvRelease')
ANF: msvSetVcCallbackFunc('./simv: undefined symbol: msvSetVcCallbackFunc')
ANF: msvCheckVcCallback('./simv: undefined symbol: msvCheckVcCallback')
ANF: msvAddVcCallback('./simv: undefined symbol: msvAddVcCallback')
ANF: msvRemoveVcCallback('./simv: undefined symbol: msvRemoveVcCallback')
ANF: msvGetLatestValue('./simv: undefined symbol: msvGetLatestValue')
ANF: msvSetEndofSimCallback('./simv: undefined symbol: msvSetEndofSimCallback')
ANF: msvIgnoredProbe('./simv: undefined symbol: msvIgnoredProbe')
ANF: msvGetThruNetInfo('./simv: undefined symbol: msvGetThruNetInfo')
ANF: msvFreeThruNetInfo('./simv: undefined symbol: msvFreeThruNetInfo')
ANF: PI_ace_get_output_time_unit('./simv: undefined symbol: PI_ace_get_output_time_unit')
ANF: PI_ace_sim_sync('./simv: undefined symbol: PI_ace_sim_sync')
ANF: msvGetRereadInitFile('./simv: undefined symbol: msvGetRereadInitFile')
ANF: msvSetBeforeRereadCallback('./simv: undefined symbol: msvSetBeforeRereadCallback')
ANF: msvSetAfterRereadCallback('./simv: undefined symbol: msvSetAfterRereadCallback')
ANF: msvSetForceCallback('./simv: undefined symbol: msvSetForceCallback')
ANF: msvSetReleaseCallback('./simv: undefined symbol: msvSetReleaseCallback')
ANF: msvGetForceStatus('./simv: undefined symbol: msvGetForceStatus')
ANF: vdi_fn_trigger_native_init_force('./simv: undefined symbol: vdi_fn_trigger_native_init_force')
ANF: vdi_set_native_callback('./simv: undefined symbol: vdi_set_native_callback')
ANF: vdi_fn_check_native_callback('./simv: undefined symbol: vdi_fn_check_native_callback')
ANF: vdi_fn_add_native_callback('./simv: undefined symbol: vdi_fn_add_native_callback')
VCS compile option:
 option[0]: ./simv
 option[1]: +vcs+lic+wait
 option[2]: /home/synopsys/vcs-mx/O-2018.09-1/linux64/bin/vcs1
 option[3]: -Mcc=gcc
 option[4]: -Mcplusplus=g++
 option[5]: -Masflags=
 option[6]: -Mcfl= -pipe -fPIC -O -I/home/synopsys/vcs-mx/O-2018.09-1/include 
 option[7]: -Mxcflags= -pipe -fPIC -I/home/synopsys/vcs-mx/O-2018.09-1/include
 option[8]: -Mldflags= -rdynamic 
 option[9]: -Mout=simv
 option[10]: -Mamsrun=
 option[11]: -Mvcsaceobjs=
 option[12]: -Mobjects= /home/synopsys/vcs-mx/O-2018.09-1/linux64/lib/liberrorinf.so /home/synopsys/vcs-mx/O-2018.09-1/linux64/lib/libsnpsmalloc.so /home/synopsys/vcs-mx/O-2018.09-1/linux64/lib/libvfs.so /home/synopsys/verdi/Verdi_O-2018.09-SP2/share/PLI/VCS/LINUXAMD64/pli.a 
 option[13]: -Mexternalobj=
 option[14]: -Msaverestoreobj=/home/synopsys/vcs-mx/O-2018.09-1/linux64/lib/vcs_save_restore_new.o
 option[15]: -Mcrt0=
 option[16]: -Mcrtn=
 option[17]: -Mcsrc=
 option[18]: -Msyslibs=/home/synopsys/verdi/Verdi_O-2018.09-SP2/share/PLI/VCS/LINUX64/pli.a -ldl -lm 
 option[19]: -l
 option[20]: /tmp/vc8.log
 option[21]: -uum
 option[22]: tbench_top
 option[23]: glbl
 option[24]: -mxunielab
 option[25]: -uni_make
 option[26]: -Xhdlxmropt
 option[27]: -full64
 option[28]: -debug_access+all
 option[29]: +vpi
 option[30]: +vcsd1
 option[31]: +itf+/home/synopsys/vcs-mx/O-2018.09-1/linux64/lib/vcsdp_lite.tab
 option[32]: -P
 option[33]: /home/synopsys/verdi/Verdi_O-2018.09-SP2/share/PLI/VCS/LINUXAMD64/novas.tab
 option[34]: -uum
 option[35]: -elaboration_options=/tmp/vcs_20260919075700_71526/elaboptfile_71526
 option[36]: -full64
 option[37]: -picarchive
 option[38]: -P
 option[39]: /home/synopsys/verdi/Verdi_O-2018.09-SP2/share/PLI/VCS/LINUX64/verdi.tab
 option[40]: -fsdb
 option[41]: -VHDLelab=-mxunielab -uni_make -nc -Xhdlxmropt -uum -elaboration_options /tmp/vcs_20260919075700_71526/elaboptfile_71526 -picarchive -fsdb -debug_acc_options all 
 option[42]: -gen_obj
 option[43]: -f
 option[44]: simv.daidir/mxopt.db
 option[45]: -load
 option[46]: /home/synopsys/verdi/Verdi_O-2018.09-SP2/share/PLI/VCS/LINUX64/libnovas.so:FSDBDumpCmd
Chronologic Simulation VCS Release O-2018.09-1_Full64
Linux 3.10.0-1160.53.1.el7.x86_64 #1 SMP Fri Jan 14 13:59:45 UTC 2022 x86_64
CPU cores: 6
Limit information:
======================================
cputime		unlimited
filesize		unlimited
datasize		unlimited
stacksize		8196 kbytes
coredumpsize		0 kbytes
memoryuse		unlimited
vmemoryuse		unlimited
descriptors		4096
memorylocked		64 kbytes
maxproc		31078
======================================
(Special)Runtime environment variables:

Runtime environment variables:
DSH_SHELL=1
TERM=dumb
SHELL=/bin/bash
NODE_OPTIONS=--require=/opt/dsh-patch/report-shim.js
OLDPWD=/home/ICer/work/sim_soc
NO_COLOR=1
USER=ICer
LD_LIBRARY_PATH=/opt/gcc-shim
DSH_WEB_URL=http://127.0.0.1:3080
SYNOPSYS_SIM_SETUP=/home/ICer/xilinx_vcs_lib/synopsys_sim.setup
SNPSLMD_LICENSE_FILE=27000@IC_EDA
PAGER=cat
PATH=/home/synopsys/vcs-mx/O-2018.09-1/bin:/opt/node-v22.23.2-linux-x64-glibc-217/bin:/usr/local/bin:/usr/bin:/bin
VERDI_HOME=/home/synopsys/verdi/Verdi_O-2018.09-SP2
PWD=/home/ICer/work/sim_soc
VCS_HOME=/home/synopsys/vcs-mx/O-2018.09-1
DSH_SESSION_ID=session-cc470aff-73fd-40ee-8c57-82730b94a880
LANG=zh_CN.UTF-8
VCS_ARCH_OVERRIDE=linux
DSH_HOME=/home/ICer/.dsh
HOME=/home/ICer
SHLVL=2
LOGNAME=ICer
GIT_PAGER=cat
_=./simv
VCS_HEAP_EXEC=true
VCS_PATHMAP_PRELOAD_DONE=1
VCS_STACK_EXEC=true
VCS_EXEC_DONE=1
LC_ALL=C
ARCH=linux64
SYNOPSYS_SIM=/home/synopsys/vcs-mx/O-2018.09-1
DVE=/home/synopsys/vcs-mx/O-2018.09-1/gui/dve
SPECMAN_OUTPUT_TO_TTY=1
OVASIM_RUNTIME_FLAGS=
SCL_AUTHORIZE_LIST=
LM_LICENSE_FILE=27000@IC_EDA
SNPS_DONT_SHOW_SETUP_FILES=1
VCS_STOP_SAFE=1
Runtime command line arguments:
argv[0]=./simv
argv[1]=+vcs+lic+wait
157 profile - 100
          CPU/Mem usage: 0.070 sys,  0.250 user,  347.89M mem
158 Sat Sep 19 15:57:08 2026
159 pliAppInit
160 FSDB_GATE is set.
161 FSDB_RTL is set.
162 Enable Parallel Dumping.
163 pliAppMiscSet: New Sim Round
164 pliEntryInit
165 LIBSSCORE=found /home/synopsys/verdi/Verdi_O-2018.09-SP2/share/PLI/lib/LINUXAMD64/libsscore_vcsmx201809.so through $NOVAS_HOME setting.
166 FSDB Dumper for VCS-MX, Release Verdi_O-2018.09-SP2, Linux x86_64/64bit, 02/21/2019
167 (C) 1996 - 2019 by Synopsys, Inc.
168 sps_call_fsdbDumpfile_main at 0 : ../test_arm/tbench_top.v(44)
169 argv[0]: (wave.fsdb)
170 *Verdi* FSDB WARNING: The FSDB file already exists. Overwriting the FSDB file may crash the programs that are using this file.
171 *Verdi* : Create FSDB file 'wave.fsdb'
172 compile option from '/home/ICer/work/sim_soc/simv.daidir/vcs_rebuild'.
173 FSDB_VCS_ENABLE_FAST_VC is enable
174 sps_call_fsdbDumpvars_vd_main at 0 : ../test_arm/tbench_top.v(45)
175 argv[0]: (0)
176 argv[1]: (handle) tbench_top
177 [spi_vcs_vd_ppi_create_root]: no upf option
178 FSDB dumper cannot dump UPF related power signal ($power_tree): no ppiPowerNetwork.
179 *Verdi* : Begin traversing the scope (tbench_top), layer (0).
180 *Verdi* : End of traversing.
181 pliAppHDL_DumpVarComplete traverse var: profile - 
          CPU/Mem usage: 0.100 sys,  0.460 user,  462.94M mem
                   incr: 0.020 sys,  0.200 user,  27.14M mem
                   accu: 0.020 sys,  0.200 user,  27.14M mem
              accu incr: 0.020 sys,  0.200 user,  27.14M mem

          Count usage: 22735 var,  15178 idcode,  6837 callback
                 incr: 22735 var,  15178 idcode,  6837 callback
                 accu: 22735 var,  15178 idcode,  6837 callback
            accu incr: 22735 var,  15178 idcode,  6837 callback
182 Sat Sep 19 15:57:08 2026
183 pliAppHDL_DumpVarComplete: profile - 
          CPU/Mem usage: 0.100 sys,  0.460 user,  464.12M mem
                   incr: 0.000 sys,  0.000 user,  1.18M mem
                   accu: 0.020 sys,  0.200 user,  28.32M mem
              accu incr: 0.000 sys,  0.000 user,  1.18M mem

          Count usage: 22735 var,  15178 idcode,  6837 callback
                 incr: 0 var,  0 idcode,  0 callback
                 accu: 22735 var,  15178 idcode,  6837 callback
            accu incr: 0 var,  0 idcode,  0 callback
184 Sat Sep 19 15:57:08 2026
185 End of simulation at 2000000000
186 Sat Sep 19 15:57:57 2026
187 Begin FSDB profile info:
188 FSDB Writer : bc1(7480752) bcn(4155940) mtf/stf(0/1)
FSDB Writer elapsed time : flush(0.713309) io wait(0.000000) theadpool wait(0.000000) target functin(0.000000)
FSDB Writer cpu time : MT Compression : 0
189 End FSDB profile info
190 Parallel profile    -  Flush:3 Expand:0 ProduceWait:0 ConsumerWait:120 BlockUsed:121
191                        ProduceTime:47.048653756 ConsumerTime:1.488232263 Buffer:64MB
192 SimExit
193 Sim process exit
